Archive member included to satisfy reference by file (symbol)

/opt/st/stm32cubeide_1.19.0/plugins/com.st.stm32cube.ide.mcu.externaltools.gnu-tools-for-stm32.13.3.rel1.linux64_1.0.0.202410170706/tools/bin/../lib/gcc/arm-none-eabi/13.3.1/../../../../arm-none-eabi/lib/thumb/v7e-m+fp/hard/libc_nano.a(libc_a-exit.o)
                              /opt/st/stm32cubeide_1.19.0/plugins/com.st.stm32cube.ide.mcu.externaltools.gnu-tools-for-stm32.13.3.rel1.linux64_1.0.0.202410170706/tools/bin/../lib/gcc/arm-none-eabi/13.3.1/../../../../arm-none-eabi/lib/thumb/v7e-m+fp/hard/crt0.o (exit)
/opt/st/stm32cubeide_1.19.0/plugins/com.st.stm32cube.ide.mcu.externaltools.gnu-tools-for-stm32.13.3.rel1.linux64_1.0.0.202410170706/tools/bin/../lib/gcc/arm-none-eabi/13.3.1/../../../../arm-none-eabi/lib/thumb/v7e-m+fp/hard/libc_nano.a(libc_a-findfp.o)
                              /opt/st/stm32cubeide_1.19.0/plugins/com.st.stm32cube.ide.mcu.externaltools.gnu-tools-for-stm32.13.3.rel1.linux64_1.0.0.202410170706/tools/bin/../lib/gcc/arm-none-eabi/13.3.1/../../../../arm-none-eabi/lib/thumb/v7e-m+fp/hard/libc_nano.a(libc_a-exit.o) (__stdio_exit_handler)
/opt/st/stm32cubeide_1.19.0/plugins/com.st.stm32cube.ide.mcu.externaltools.gnu-tools-for-stm32.13.3.rel1.linux64_1.0.0.202410170706/tools/bin/../lib/gcc/arm-none-eabi/13.3.1/../../../../arm-none-eabi/lib/thumb/v7e-m+fp/hard/libc_nano.a(libc_a-fwalk.o)
                              /opt/st/stm32cubeide_1.19.0/plugins/com.st.stm32cube.ide.mcu.externaltools.gnu-tools-for-stm32.13.3.rel1.linux64_1.0.0.202410170706/tools/bin/../lib/gcc/arm-none-eabi/13.3.1/../../../../arm-none-eabi/lib/thumb/v7e-m+fp/hard/libc_nano.a(libc_a-findfp.o) (_fwalk_sglue)
/opt/st/stm32cubeide_1.19.0/plugins/com.st.stm32cube.ide.mcu.externaltools.gnu-tools-for-stm32.13.3.rel1.linux64_1.0.0.202410170706/tools/bin/../lib/gcc/arm-none-eabi/13.3.1/../../../../arm-none-eabi/lib/thumb/v7e-m+fp/hard/libc_nano.a(libc_a-stdio.o)
                              /opt/st/stm32cubeide_1.19.0/plugins/com.st.stm32cube.ide.mcu.externaltools.gnu-tools-for-stm32.13.3.rel1.linux64_1.0.0.202410170706/tools/bin/../lib/gcc/arm-none-eabi/13.3.1/../../../../arm-none-eabi/lib/thumb/v7e-m+fp/hard/libc_nano.a(libc_a-findfp.o) (__sread)
/opt/st/stm32cubeide_1.19.0/plugins/com.st.stm32cube.ide.mcu.externaltools.gnu-tools-for-stm32.13.3.rel1.linux64_1.0.0.202410170706/tools/bin/../lib/gcc/arm-none-eabi/13.3.1/../../../../arm-none-eabi/lib/thumb/v7e-m+fp/hard/libc_nano.a(libc_a-memset.o)
                              /opt/st/stm32cubeide_1.19.0/plugins/com.st.stm32cube.ide.mcu.externaltools.gnu-tools-for-stm32.13.3.rel1.linux64_1.0.0.202410170706/tools/bin/../lib/gcc/arm-none-eabi/13.3.1/../../../../arm-none-eabi/lib/thumb/v7e-m+fp/hard/crt0.o (memset)
/opt/st/stm32cubeide_1.19.0/plugins/com.st.stm32cube.ide.mcu.externaltools.gnu-tools-for-stm32.13.3.rel1.linux64_1.0.0.202410170706/tools/bin/../lib/gcc/arm-none-eabi/13.3.1/../../../../arm-none-eabi/lib/thumb/v7e-m+fp/hard/libc_nano.a(libc_a-closer.o)
                              /opt/st/stm32cubeide_1.19.0/plugins/com.st.stm32cube.ide.mcu.externaltools.gnu-tools-for-stm32.13.3.rel1.linux64_1.0.0.202410170706/tools/bin/../lib/gcc/arm-none-eabi/13.3.1/../../../../arm-none-eabi/lib/thumb/v7e-m+fp/hard/libc_nano.a(libc_a-stdio.o) (_close_r)
/opt/st/stm32cubeide_1.19.0/plugins/com.st.stm32cube.ide.mcu.externaltools.gnu-tools-for-stm32.13.3.rel1.linux64_1.0.0.202410170706/tools/bin/../lib/gcc/arm-none-eabi/13.3.1/../../../../arm-none-eabi/lib/thumb/v7e-m+fp/hard/libc_nano.a(libc_a-reent.o)
                              /opt/st/stm32cubeide_1.19.0/plugins/com.st.stm32cube.ide.mcu.externaltools.gnu-tools-for-stm32.13.3.rel1.linux64_1.0.0.202410170706/tools/bin/../lib/gcc/arm-none-eabi/13.3.1/../../../../arm-none-eabi/lib/thumb/v7e-m+fp/hard/libc_nano.a(libc_a-closer.o) (errno)
/opt/st/stm32cubeide_1.19.0/plugins/com.st.stm32cube.ide.mcu.externaltools.gnu-tools-for-stm32.13.3.rel1.linux64_1.0.0.202410170706/tools/bin/../lib/gcc/arm-none-eabi/13.3.1/../../../../arm-none-eabi/lib/thumb/v7e-m+fp/hard/libc_nano.a(libc_a-impure.o)
                              /opt/st/stm32cubeide_1.19.0/plugins/com.st.stm32cube.ide.mcu.externaltools.gnu-tools-for-stm32.13.3.rel1.linux64_1.0.0.202410170706/tools/bin/../lib/gcc/arm-none-eabi/13.3.1/../../../../arm-none-eabi/lib/thumb/v7e-m+fp/hard/libc_nano.a(libc_a-reent.o) (_impure_ptr)
/opt/st/stm32cubeide_1.19.0/plugins/com.st.stm32cube.ide.mcu.externaltools.gnu-tools-for-stm32.13.3.rel1.linux64_1.0.0.202410170706/tools/bin/../lib/gcc/arm-none-eabi/13.3.1/../../../../arm-none-eabi/lib/thumb/v7e-m+fp/hard/libc_nano.a(libc_a-lseekr.o)
                              /opt/st/stm32cubeide_1.19.0/plugins/com.st.stm32cube.ide.mcu.externaltools.gnu-tools-for-stm32.13.3.rel1.linux64_1.0.0.202410170706/tools/bin/../lib/gcc/arm-none-eabi/13.3.1/../../../../arm-none-eabi/lib/thumb/v7e-m+fp/hard/libc_nano.a(libc_a-stdio.o) (_lseek_r)
[...]
Memory Configuration

Name             Origin             Length             Attributes
RAM              0x20000000         0x00020000         xrw
FLASH            0x08000000         0x00080000         xr
*default*        0x00000000         0xffffffff

Linker script and memory map

LOAD /opt/st/stm32cubeide_1.19.0/plugins/com.st.stm32cube.ide.mcu.externaltools.gnu-tools-for-stm32.13.3.rel1.linux64_1.0.0.202410170706/tools/bin/../lib/gcc/arm-none-eabi/13.3.1/thumb/v7e-m+fp/hard/crti.o
LOAD /opt/st/stm32cubeide_1.19.0/plugins/com.st.stm32cube.ide.mcu.externaltools.gnu-tools-for-stm32.13.3.rel1.linux64_1.0.0.202410170706/tools/bin/../lib/gcc/arm-none-eabi/13.3.1/thumb/v7e-m+fp/hard/crtbegin.o
LOAD /opt/st/stm32cubeide_1.19.0/plugins/com.st.stm32cube.ide.mcu.externaltools.gnu-tools-for-stm32.13.3.rel1.linux64_1.0.0.202410170706/tools/bin/../lib/gcc/arm-none-eabi/13.3.1/../../../../arm-none-eabi/lib/thumb/v7e-m+fp/hard/crt0.o
LOAD ./Core/Src/Callbacks.o
LOAD ./Core/Src/cppmain.o
LOAD ./Core/Src/main.o
LOAD ./Core/Src/stm32f4xx_hal_msp.o
LOAD ./Core/Src/stm32f4xx_it.o
LOAD ./Core/Src/syscalls.o
LOAD ./Core/Src/sysmem.o
LOAD ./Core/Src/system_stm32f4xx.o
LOAD ./Core/Startup/startup_stm32f411ceux.o
LOAD ./Drivers/STM32F4xx_HAL_Driver/Src/stm32f4xx_hal.o
LOAD ./Drivers/STM32F4xx_HAL_Driver/Src/stm32f4xx_hal_cortex.o
LOAD ./Drivers/STM32F4xx_HAL_Driver/Src/stm32f4xx_hal_dma.o
LOAD ./Drivers/STM32F4xx_HAL_Driver/Src/stm32f4xx_hal_dma_ex.o
LOAD ./Drivers/STM32F4xx_HAL_Driver/Src/stm32f4xx_hal_exti.o
LOAD ./Drivers/STM32F4xx_HAL_Driver/Src/stm32f4xx_hal_flash.o
LOAD ./Drivers/STM32F4xx_HAL_Driver/Src/stm32f4xx_hal_flash_ex.o
LOAD ./Drivers/STM32F4xx_HAL_Driver/Src/stm32f4xx_hal_flash_ramfunc.o
LOAD ./Drivers/STM32F4xx_HAL_Driver/Src/stm32f4xx_hal_gpio.o
LOAD ./Drivers/STM32F4xx_HAL_Driver/Src/stm32f4xx_hal_pcd.o
LOAD ./Drivers/STM32F4xx_HAL_Driver/Src/stm32f4xx_hal_pcd_ex.o
LOAD ./Drivers/STM32F4xx_HAL_Driver/Src/stm32f4xx_hal_pwr.o
LOAD ./Drivers/STM32F4xx_HAL_Driver/Src/stm32f4xx_hal_pwr_ex.o
LOAD ./Drivers/STM32F4xx_HAL_Driver/Src/stm32f4xx_hal_rcc.o
LOAD ./Drivers/STM32F4xx_HAL_Driver/Src/stm32f4xx_hal_rcc_ex.o
LOAD ./Drivers/STM32F4xx_HAL_Driver/Src/stm32f4xx_hal_rtc.o
LOAD ./Drivers/STM32F4xx_HAL_Driver/Src/stm32f4xx_hal_rtc_ex.o
LOAD ./Drivers/STM32F4xx_HAL_Driver/Src/stm32f4xx_hal_spi.o
LOAD ./Drivers/STM32F4xx_HAL_Driver/Src/stm32f4xx_hal_tim.o
LOAD ./Drivers/STM32F4xx_HAL_Driver/Src/stm32f4xx_hal_tim_ex.o
LOAD ./Drivers/STM32F4xx_HAL_Driver/Src/stm32f4xx_ll_usb.o
LOAD ./Middlewares/ST/STM32_USB_Device_Library/Class/CDC/Src/usbd_cdc.o
LOAD ./Middlewares/ST/STM32_USB_Device_Library/Core/Src/usbd_core.o
LOAD ./Middlewares/ST/STM32_USB_Device_Library/Core/Src/usbd_ctlreq.o
LOAD ./Middlewares/ST/STM32_USB_Device_Library/Core/Src/usbd_ioreq.o
LOAD ./USB_DEVICE/App/usb_device.o
LOAD ./USB_DEVICE/App/usbd_cdc_if.o
LOAD ./USB_DEVICE/App/usbd_desc.o
LOAD ./USB_DEVICE/Target/usbd_conf.o
START GROUP
LOAD /opt/st/stm32cubeide_1.19.0/plugins/com.st.stm32cube.ide.mcu.externaltools.gnu-tools-for-stm32.13.3.rel1.linux64_1.0.0.202410170706/tools/bin/../lib/gcc/arm-none-eabi/13.3.1/../../../../arm-none-eabi/lib/thumb/v7e-m+fp/hard/libstdc++_nano.a
LOAD /opt/st/stm32cubeide_1.19.0/plugins/com.st.stm32cube.ide.mcu.externaltools.gnu-tools-for-stm32.13.3.rel1.linux64_1.0.0.202410170706/tools/bin/../lib/gcc/arm-none-eabi/13.3.1/../../../../arm-none-eabi/lib/thumb/v7e-m+fp/hard/libsupc++_nano.a
END GROUP
LOAD /opt/st/stm32cubeide_1.19.0/plugins/com.st.stm32cube.ide.mcu.externaltools.gnu-tools-for-stm32.13.3.rel1.linux64_1.0.0.202410170706/tools/bin/../lib/gcc/arm-none-eabi/13.3.1/../../../../arm-none-eabi/lib/thumb/v7e-m+fp/hard/libstdc++_nano.a
LOAD /opt/st/stm32cubeide_1.19.0/plugins/com.st.stm32cube.ide.mcu.externaltools.gnu-tools-for-stm32.13.3.rel1.linux64_1.0.0.202410170706/tools/bin/../lib/gcc/arm-none-eabi/13.3.1/../../../../arm-none-eabi/lib/thumb/v7e-m+fp/hard/libm.a
LOAD /opt/st/stm32cubeide_1.19.0/plugins/com.st.stm32cube.ide.mcu.externaltools.gnu-tools-for-stm32.13.3.rel1.linux64_1.0.0.202410170706/tools/bin/../lib/gcc/arm-none-eabi/13.3.1/../../../../arm-none-eabi/lib/thumb/v7e-m+fp/hard/libc_nano.a
START GROUP
LOAD /opt/st/stm32cubeide_1.19.0/plugins/com.st.stm32cube.ide.mcu.externaltools.gnu-tools-for-stm32.13.3.rel1.linux64_1.0.0.202410170706/tools/bin/../lib/gcc/arm-none-eabi/13.3.1/thumb/v7e-m+fp/hard/libgcc.a
LOAD /opt/st/stm32cubeide_1.19.0/plugins/com.st.stm32cube.ide.mcu.externaltools.gnu-tools-for-stm32.13.3.rel1.linux64_1.0.0.202410170706/tools/bin/../lib/gcc/arm-none-eabi/13.3.1/../../../../arm-none-eabi/lib/thumb/v7e-m+fp/hard/libc_nano.a
END GROUP
START GROUP
LOAD /opt/st/stm32cubeide_1.19.0/plugins/com.st.stm32cube.ide.mcu.externaltools.gnu-tools-for-stm32.13.3.rel1.linux64_1.0.0.202410170706/tools/bin/../lib/gcc/arm-none-eabi/13.3.1/thumb/v7e-m+fp/hard/libgcc.a
LOAD /opt/st/stm32cubeide_1.19.0/plugins/com.st.stm32cube.ide.mcu.externaltools.gnu-tools-for-stm32.13.3.rel1.linux64_1.0.0.202410170706/tools/bin/../lib/gcc/arm-none-eabi/13.3.1/../../../../arm-none-eabi/lib/thumb/v7e-m+fp/hard/libc_nano.a
LOAD /opt/st/stm32cubeide_1.19.0/plugins/com.st.stm32cube.ide.mcu.externaltools.gnu-tools-for-stm32.13.3.rel1.linux64_1.0.0.202410170706/tools/bin/../lib/gcc/arm-none-eabi/13.3.1/../../../../arm-none-eabi/lib/thumb/v7e-m+fp/hard/libnosys.a
END GROUP
START GROUP
LOAD /opt/st/stm32cubeide_1.19.0/plugins/com.st.stm32cube.ide.mcu.externaltools.gnu-tools-for-stm32.13.3.rel1.linux64_1.0.0.202410170706/tools/bin/../lib/gcc/arm-none-eabi/13.3.1/thumb/v7e-m+fp/hard/libgcc.a
LOAD /opt/st/stm32cubeide_1.19.0/plugins/com.st.stm32cube.ide.mcu.externaltools.gnu-tools-for-stm32.13.3.rel1.linux64_1.0.0.202410170706/tools/bin/../lib/gcc/arm-none-eabi/13.3.1/../../../../arm-none-eabi/lib/thumb/v7e-m+fp/hard/libc_nano.a
LOAD /opt/st/stm32cubeide_1.19.0/plugins/com.st.stm32cube.ide.mcu.externaltools.gnu-tools-for-stm32.13.3.rel1.linux64_1.0.0.202410170706/tools/bin/../lib/gcc/arm-none-eabi/13.3.1/../../../../arm-none-eabi/lib/thumb/v7e-m+fp/hard/libnosys.a
END GROUP
LOAD /opt/st/stm32cubeide_1.19.0/plugins/com.st.stm32cube.ide.mcu.externaltools.gnu-tools-for-stm32.13.3.rel1.linux64_1.0.0.202410170706/tools/bin/../lib/gcc/arm-none-eabi/13.3.1/thumb/v7e-m+fp/hard/crtend.o
LOAD /opt/st/stm32cubeide_1.19.0/plugins/com.st.stm32cube.ide.mcu.externaltools.gnu-tools-for-stm32.13.3.rel1.linux64_1.0.0.202410170706/tools/bin/../lib/gcc/arm-none-eabi/13.3.1/thumb/v7e-m+fp/hard/crtn.o
                0x20020000                        _estack = (ORIGIN (RAM) + LENGTH (RAM))
                0x00000200                        _Min_Heap_Size = 0x200
                0x00000400                        _Min_Stack_Size = 0x400

.isr_vector     0x08000000      0x198
                0x08000000                        . = ALIGN (0x4)
 *(.isr_vector)
 .isr_vector    0x08000000      0x198 ./Core/Startup/startup_stm32f411ceux.o
                0x08000000                g_pfnVectors
                0x08000198                        . = ALIGN (0x4)

.text           0x08000198     0x8f4c
                0x08000198                        . = ALIGN (0x4)
 *(.text)
 .text          0x08000198       0x40 /opt/st/stm32cubeide_1.19.0/plugins/com.st.stm32cube.ide.mcu.externaltools.gnu-tools-for-stm32.13.3.rel1.linux64_1.0.0.202410170706/tools/bin/../lib/gcc/arm-none-eabi/13.3.1/thumb/v7e-m+fp/hard/crtbegin.o
 .text          0x080001d8       0x30 /opt/st/stm32cubeide_1.19.0/plugins/com.st.stm32cube.ide.mcu.externaltools.gnu-tools-for-stm32.13.3.rel1.linux64_1.0.0.202410170706/tools/bin/../lib/gcc/arm-none-eabi/13.3.1/thumb/v7e-m+fp/hard/libgcc.a(_aeabi_uldivmod.o)
                0x080001d8                __aeabi_uldivmod
 .text          0x08000208      0x2f8 /opt/st/stm32cubeide_1.19.0/plugins/com.st.stm32cube.ide.mcu.externaltools.gnu-tools-for-stm32.13.3.rel1.linux64_1.0.0.202410170706/tools/bin/../lib/gcc/arm-none-eabi/13.3.1/thumb/v7e-m+fp/hard/libgcc.a(_udivmoddi4.o)
                0x08000208                __udivmoddi4
 .text          0x08000500        0x4 /opt/st/stm32cubeide_1.19.0/plugins/com.st.stm32cube.ide.mcu.externaltools.gnu-tools-for-stm32.13.3.rel1.linux64_1.0.0.202410170706/tools/bin/../lib/gcc/arm-none-eabi/13.3.1/thumb/v7e-m+fp/hard/libgcc.a(_dvmd_tls.o)
                0x08000500                __aeabi_ldiv0
                0x08000500                __aeabi_idiv0
 *(.text*)
 .text.HAL_GPIO_EXTI_Callback
                0x08000504       0x30 ./Core/Src/Callbacks.o
                0x08000504                HAL_GPIO_EXTI_Callback
 .text.User_CDC_Receive_FS
                0x08000534       0x38 ./Core/Src/Callbacks.o
                0x08000534                User_CDC_Receive_FS
 .text._ZN13CC1101ManagerI6CC1101I7GpioPinILj1073872896ELt16EEEE22notify_packet_receivedEv
                0x0800056c       0x1c ./Core/Src/Callbacks.o
                0x0800056c                CC1101Manager<CC1101<GpioPin<1073872896u, (unsigned short)16> > >::notify_packet_received()
 .text._ZN13CC1101ManagerI6CC1101I7GpioPinILj1073872896ELt16EEEE15handle_usb_dataEPhm
                0x08000588       0x3e ./Core/Src/Callbacks.o
                0x08000588                CC1101Manager<CC1101<GpioPin<1073872896u, (unsigned short)16> > >::handle_usb_data(unsigned char*, unsigned long)
 .text._ZN10RingBufferILj512EE4pushEh
                0x080005c6       0x56 ./Core/Src/Callbacks.o
                0x080005c6                RingBuffer<512u>::push(unsigned char)
 .text.cppmain  0x0800061c       0x34 ./Core/Src/cppmain.o
                0x0800061c                cppmain
 .text._ZN10RingBufferILj512EEC2Ev
                0x08000650       0x26 ./Core/Src/cppmain.o
                0x08000650                RingBuffer<512u>::RingBuffer()
                0x08000650                RingBuffer<512u>::RingBuffer()
 .text._ZN13CC1101ManagerI6CC1101I7GpioPinILj1073872896ELt16EEEEC2ERS3_
                0x08000676       0x32 ./Core/Src/cppmain.o
                0x08000676                CC1101Manager<CC1101<GpioPin<1073872896u, (unsigned short)16> > >::CC1101Manager(CC1101<GpioPin<1073872896u, (unsigned short)16> >&)
                0x08000676                CC1101Manager<CC1101<GpioPin<1073872896u, (unsigned short)16> > >::CC1101Manager(CC1101<GpioPin<1073872896u, (unsigned short)16> >&)
 .text._ZN6CC1101I7GpioPinILj1073872896ELt16EEE10ReadStatusENS2_14StatusRegisterE
                0x080006a8       0x26 ./Core/Src/cppmain.o
                0x080006a8                CC1101<GpioPin<1073872896u, (unsigned short)16> >::ReadStatus(CC1101<GpioPin<1073872896u, (unsigned short)16> >::StatusRegister)
 *fill*         0x080006ce        0x2 
 .text._ZN6CC1101I7GpioPinILj1073872896ELt16EEE4InitEv
                0x080006d0       0x4c ./Core/Src/cppmain.o
                0x080006d0                CC1101<GpioPin<1073872896u, (unsigned short)16> >::Init()
 .text._ZN6CC1101I7GpioPinILj1073872896ELt16EEE8SetPowerENS2_7TXPowerE
                0x0800071c       0x20 ./Core/Src/cppmain.o
                0x0800071c                CC1101<GpioPin<1073872896u, (unsigned short)16> >::SetPower(CC1101<GpioPin<1073872896u, (unsigned short)16> >::TXPower)
 .text._ZN13CC1101ManagerI6CC1101I7GpioPinILj1073872896ELt16EEEE7processEv
                0x0800073c      0x114 ./Core/Src/cppmain.o
                0x0800073c                CC1101Manager<CC1101<GpioPin<1073872896u, (unsigned short)16> > >::process()
 .text._ZN6CC1101I7GpioPinILj1073872896ELt16EEE12ReadRegisterEh
                0x08000850       0x50 ./Core/Src/cppmain.o
                0x08000850                CC1101<GpioPin<1073872896u, (unsigned short)16> >::ReadRegister(unsigned char)
 .text._ZN6CC1101I7GpioPinILj1073872896ELt16EEE5ResetEv
                0x080008a0       0x78 ./Core/Src/cppmain.o
                0x080008a0                CC1101<GpioPin<1073872896u, (unsigned short)16> >::Reset()
 .text._ZN6CC1101I7GpioPinILj1073872896ELt16EEE9ConfigureEPKNS2_18RegisterValueTupleEj
                0x08000918       0x46 ./Core/Src/cppmain.o
                0x08000918                CC1101<GpioPin<1073872896u, (unsigned short)16> >::Configure(CC1101<GpioPin<1073872896u, (unsigned short)16> >::RegisterValueTuple const*, unsigned int)
 *fill*         0x0800095e        0x2 
 .text._ZN6CC1101I7GpioPinILj1073872896ELt16EEE6StrobeENS2_13StrobeCommandE
                0x08000960       0x44 ./Core/Src/cppmain.o
                0x08000960                CC1101<GpioPin<1073872896u, (unsigned short)16> >::Strobe(CC1101<GpioPin<1073872896u, (unsigned short)16> >::StrobeCommand)
 .text._ZN6CC1101I7GpioPinILj1073872896ELt16EEE18WriteConfigurationENS2_21ConfigurationRegisterEh
                0x080009a4       0x24 ./Core/Src/cppmain.o
                0x080009a4                CC1101<GpioPin<1073872896u, (unsigned short)16> >::WriteConfiguration(CC1101<GpioPin<1073872896u, (unsigned short)16> >::ConfigurationRegister, unsigned char)
 .text._ZN13CC1101ManagerI6CC1101I7GpioPinILj1073872896ELt16EEEE8force_rxEv
                0x080009c8       0x3a ./Core/Src/cppmain.o
                0x080009c8                CC1101Manager<CC1101<GpioPin<1073872896u, (unsigned short)16> > >::force_rx()
 .text._ZNK10RingBufferILj512EE5countEv
                0x08000a02       0x46 ./Core/Src/cppmain.o
                0x08000a02                RingBuffer<512u>::count() const
 .text._ZN13CC1101ManagerI6CC1101I7GpioPinILj1073872896ELt16EEEE14handle_rf_readEv
                0x08000a48      0x110 ./Core/Src/cppmain.o
                0x08000a48                CC1101Manager<CC1101<GpioPin<1073872896u, (unsigned short)16> > >::handle_rf_read()
 .text._ZN13CC1101ManagerI6CC1101I7GpioPinILj1073872896ELt16EEEE12handle_rf_txEv
                0x08000b58       0xa8 ./Core/Src/cppmain.o
                0x08000b58                CC1101Manager<CC1101<GpioPin<1073872896u, (unsigned short)16> > >::handle_rf_tx()
 .text._ZN6CC1101I7GpioPinILj1073872896ELt16EEE6SelectEv
                0x08000c00       0x3c ./Core/Src/cppmain.o
                0x08000c00                CC1101<GpioPin<1073872896u, (unsigned short)16> >::Select()
 .text._ZN6CC1101I7GpioPinILj1073872896ELt16EEE8DeselectEv
                0x08000c3c       0x14 ./Core/Src/cppmain.o
                0x08000c3c                CC1101<GpioPin<1073872896u, (unsigned short)16> >::Deselect()
 .text._ZN6CC1101I7GpioPinILj1073872896ELt16EEE13WriteRegisterEhh
                0x08000c50       0x40 ./Core/Src/cppmain.o
                0x08000c50                CC1101<GpioPin<1073872896u, (unsigned short)16> >::WriteRegister(unsigned char, unsigned char)
 .text._ZN6CC1101I7GpioPinILj1073872896ELt16EEE9ReadBurstENS2_13BurstRegisterEPhh
                0x08000c90       0x5c ./Core/Src/cppmain.o
                0x08000c90                CC1101<GpioPin<1073872896u, (unsigned short)16> >::ReadBurst(CC1101<GpioPin<1073872896u, (unsigned short)16> >::BurstRegister, unsigned char*, unsigned char)
 .text._ZN10RingBufferILj512EE3popERh
                0x08000cec       0x56 ./Core/Src/cppmain.o
                0x08000cec                RingBuffer<512u>::pop(unsigned char&)
 *fill*         0x08000d42        0x2 
 .text._ZN6CC1101I7GpioPinILj1073872896ELt16EEE10WriteBurstENS2_13BurstRegisterEPKhh
                0x08000d44       0x6c ./Core/Src/cppmain.o
                0x08000d44                CC1101<GpioPin<1073872896u, (unsigned short)16> >::WriteBurst(CC1101<GpioPin<1073872896u, (unsigned short)16> >::BurstRegister, unsigned char const*, unsigned char)
 .text._ZN7GpioPinILj1073872896ELt16EE3lowEv
                0x08000db0       0x18 ./Core/Src/cppmain.o
                0x08000db0                GpioPin<1073872896u, (unsigned short)16>::low()
 .text._ZN7GpioPinILj1073872896ELt16EE4readEv
                0x08000dc8       0x22 ./Core/Src/cppmain.o
                0x08000dc8                GpioPin<1073872896u, (unsigned short)16>::read()
 .text._ZN7GpioPinILj1073872896ELt16EE4highEv
                0x08000dea       0x18 ./Core/Src/cppmain.o
                0x08000dea                GpioPin<1073872896u, (unsigned short)16>::high()
 *fill*         0x08000e02        0x2 
 .text._ZN7GpioPinILj1073872896ELt16EE4portEv
                0x08000e04       0x14 ./Core/Src/cppmain.o
                0x08000e04                GpioPin<1073872896u, (unsigned short)16>::port()
 .text._Z41__static_initialization_and_destruction_0v
                0x08000e18       0x18 ./Core/Src/cppmain.o
 .text._GLOBAL__sub_I_cc1101
                0x08000e30        0xa ./Core/Src/cppmain.o
 .text.main     0x08000e3a       0x28 ./Core/Src/main.o
                0x08000e3a                main
 *fill*         0x08000e62        0x2 
 .text.SystemClock_Config
                0x08000e64       0xd4 ./Core/Src/main.o
                0x08000e64                SystemClock_Config
 .text.MX_RTC_Init
                0x08000f38       0x4c ./Core/Src/main.o
 .text.MX_SPI1_Init
                0x08000f84       0x6c ./Core/Src/main.o
 .text.MX_TIM5_Init
                0x08000ff0       0x9c ./Core/Src/main.o
 .text.MX_GPIO_Init
                0x0800108c      0x128 ./Core/Src/main.o
 .text.Error_Handler
                0x080011b4        0xc ./Core/Src/main.o
                0x080011b4                Error_Handler
 .text.HAL_MspInit
                0x080011c0       0x50 ./Core/Src/stm32f4xx_hal_msp.o
                0x080011c0                HAL_MspInit
 .text.HAL_RTC_MspInit
                0x08001210       0x58 ./Core/Src/stm32f4xx_hal_msp.o
                0x08001210                HAL_RTC_MspInit
 .text.HAL_SPI_MspInit
                0x08001268       0x90 ./Core/Src/stm32f4xx_hal_msp.o
                0x08001268                HAL_SPI_MspInit
 .text.HAL_TIM_Base_MspInit
                0x080012f8       0x50 ./Core/Src/stm32f4xx_hal_msp.o
                0x080012f8                HAL_TIM_Base_MspInit
 .text.NMI_Handler
                0x08001348        0x8 ./Core/Src/stm32f4xx_it.o
                0x08001348                NMI_Handler
 .text.HardFault_Handler
                0x08001350        0x8 ./Core/Src/stm32f4xx_it.o
                0x08001350                HardFault_Handler
 .text.MemManage_Handler
                0x08001358        0x8 ./Core/Src/stm32f4xx_it.o
                0x08001358                MemManage_Handler
 .text.BusFault_Handler
                0x08001360        0x8 ./Core/Src/stm32f4xx_it.o
                0x08001360                BusFault_Handler
 .text.UsageFault_Handler
                0x08001368        0x8 ./Core/Src/stm32f4xx_it.o
                0x08001368                UsageFault_Handler
 .text.SVC_Handler
                0x08001370        0xe ./Core/Src/stm32f4xx_it.o
                0x08001370                SVC_Handler
 .text.DebugMon_Handler
                0x0800137e        0xe ./Core/Src/stm32f4xx_it.o
                0x0800137e                DebugMon_Handler
 .text.PendSV_Handler
                0x0800138c        0xe ./Core/Src/stm32f4xx_it.o
                0x0800138c                PendSV_Handler
 .text.SysTick_Handler
                0x0800139a        0xc ./Core/Src/stm32f4xx_it.o
                0x0800139a                SysTick_Handler
 .text.EXTI0_IRQHandler
                0x080013a6        0xe ./Core/Src/stm32f4xx_it.o
                0x080013a6                EXTI0_IRQHandler
 .text.EXTI1_IRQHandler
                0x080013b4        0xe ./Core/Src/stm32f4xx_it.o
                0x080013b4                EXTI1_IRQHandler
 *fill*         0x080013c2        0x2 
 .text.TIM5_IRQHandler
                0x080013c4       0x14 ./Core/Src/stm32f4xx_it.o
                0x080013c4                TIM5_IRQHandler
 .text.OTG_FS_IRQHandler
                0x080013d8       0x14 ./Core/Src/stm32f4xx_it.o
                0x080013d8                OTG_FS_IRQHandler
 .text.SystemInit
                0x080013ec       0x24 ./Core/Src/system_stm32f4xx.o
                0x080013ec                SystemInit
 .text.Reset_Handler
                0x08001410       0x50 ./Core/Startup/startup_stm32f411ceux.o
                0x08001410                Reset_Handler
 .text.Default_Handler
                0x08001460        0x2 ./Core/Startup/startup_stm32f411ceux.o
                0x08001460                RTC_Alarm_IRQHandler
                0x08001460                EXTI2_IRQHandler
                0x08001460                SPI4_IRQHandler
                0x08001460                TIM1_CC_IRQHandler
                0x08001460                DMA2_Stream5_IRQHandler
                0x08001460                DMA1_Stream5_IRQHandler
                0x08001460                PVD_IRQHandler
                0x08001460                SDIO_IRQHandler
                0x08001460                TAMP_STAMP_IRQHandler
                0x08001460                EXTI3_IRQHandler
                0x08001460                TIM1_UP_TIM10_IRQHandler
                0x08001460                I2C3_ER_IRQHandler
                0x08001460                I2C2_EV_IRQHandler
                0x08001460                DMA1_Stream2_IRQHandler
                0x08001460                FPU_IRQHandler
                0x08001460                DMA2_Stream2_IRQHandler
                0x08001460                SPI1_IRQHandler
                0x08001460                TIM1_BRK_TIM9_IRQHandler
                0x08001460                DMA2_Stream3_IRQHandler
                0x08001460                USART6_IRQHandler
                0x08001460                DMA2_Stream0_IRQHandler
                0x08001460                TIM4_IRQHandler
                0x08001460                I2C1_EV_IRQHandler
                0x08001460                DMA1_Stream6_IRQHandler
                0x08001460                DMA1_Stream1_IRQHandler
                0x08001460                TIM3_IRQHandler
                0x08001460                RCC_IRQHandler
                0x08001460                Default_Handler
                0x08001460                EXTI15_10_IRQHandler
                0x08001460                ADC_IRQHandler
                0x08001460                DMA1_Stream7_IRQHandler
                0x08001460                SPI5_IRQHandler
                0x08001460                DMA2_Stream7_IRQHandler
                0x08001460                I2C3_EV_IRQHandler
                0x08001460                EXTI9_5_IRQHandler
                0x08001460                RTC_WKUP_IRQHandler
                0x08001460                SPI2_IRQHandler
                0x08001460                DMA1_Stream0_IRQHandler
                0x08001460                EXTI4_IRQHandler
                0x08001460                WWDG_IRQHandler
                0x08001460                TIM2_IRQHandler
                0x08001460                OTG_FS_WKUP_IRQHandler
                0x08001460                TIM1_TRG_COM_TIM11_IRQHandler
                0x08001460                USART2_IRQHandler
                0x08001460                I2C2_ER_IRQHandler
                0x08001460                DMA2_Stream1_IRQHandler
                0x08001460                FLASH_IRQHandler
                0x08001460                DMA2_Stream4_IRQHandler
                0x08001460                USART1_IRQHandler
                0x08001460                SPI3_IRQHandler
                0x08001460                DMA1_Stream4_IRQHandler
                0x08001460                I2C1_ER_IRQHandler
                0x08001460                DMA2_Stream6_IRQHandler
                0x08001460                DMA1_Stream3_IRQHandler
 *fill*         0x08001462        0x2 
 .text.HAL_Init
                0x08001464       0x44 ./Drivers/STM32F4xx_HAL_Driver/Src/stm32f4xx_hal.o
                0x08001464                HAL_Init
 .text.HAL_InitTick
                0x080014a8       0x60 ./Drivers/STM32F4xx_HAL_Driver/Src/stm32f4xx_hal.o
                0x080014a8                HAL_InitTick
 .text.HAL_IncTick
                0x08001508       0x28 ./Drivers/STM32F4xx_HAL_Driver/Src/stm32f4xx_hal.o
                0x08001508                HAL_IncTick
 .text.HAL_GetTick
                0x08001530       0x18 ./Drivers/STM32F4xx_HAL_Driver/Src/stm32f4xx_hal.o
                0x08001530                HAL_GetTick
 .text.HAL_Delay
                0x08001548       0x48 ./Drivers/STM32F4xx_HAL_Driver/Src/stm32f4xx_hal.o
                0x08001548                HAL_Delay
 .text.__NVIC_SetPriorityGrouping
                0x08001590       0x48 ./Drivers/STM32F4xx_HAL_Driver/Src/stm32f4xx_hal_cortex.o
 .text.__NVIC_GetPriorityGrouping
                0x080015d8       0x1c ./Drivers/STM32F4xx_HAL_Driver/Src/stm32f4xx_hal_cortex.o
 .text.__NVIC_EnableIRQ
                0x080015f4       0x3c ./Drivers/STM32F4xx_HAL_Driver/Src/stm32f4xx_hal_cortex.o
 .text.__NVIC_SetPriority
                0x08001630       0x54 ./Drivers/STM32F4xx_HAL_Driver/Src/stm32f4xx_hal_cortex.o
 .text.NVIC_EncodePriority
                0x08001684       0x66 ./Drivers/STM32F4xx_HAL_Driver/Src/stm32f4xx_hal_cortex.o
 *fill*         0x080016ea        0x2 
 .text.SysTick_Config
                0x080016ec       0x44 ./Drivers/STM32F4xx_HAL_Driver/Src/stm32f4xx_hal_cortex.o
 .text.HAL_NVIC_SetPriorityGrouping
                0x08001730       0x16 ./Drivers/STM32F4xx_HAL_Driver/Src/stm32f4xx_hal_cortex.o
                0x08001730                HAL_NVIC_SetPriorityGrouping
 .text.HAL_NVIC_SetPriority
                0x08001746       0x38 ./Drivers/STM32F4xx_HAL_Driver/Src/stm32f4xx_hal_cortex.o
                0x08001746                HAL_NVIC_SetPriority
 .text.HAL_NVIC_EnableIRQ
                0x0800177e       0x1c ./Drivers/STM32F4xx_HAL_Driver/Src/stm32f4xx_hal_cortex.o
                0x0800177e                HAL_NVIC_EnableIRQ
 .text.HAL_SYSTICK_Config
                0x0800179a       0x18 ./Drivers/STM32F4xx_HAL_Driver/Src/stm32f4xx_hal_cortex.o
                0x0800179a                HAL_SYSTICK_Config
 *fill*         0x080017b2        0x2 
 .text.HAL_GPIO_Init
                0x080017b4      0x308 ./Drivers/STM32F4xx_HAL_Driver/Src/stm32f4xx_hal_gpio.o
                0x080017b4                HAL_GPIO_Init
 .text.HAL_GPIO_ReadPin
                0x08001abc       0x30 ./Drivers/STM32F4xx_HAL_Driver/Src/stm32f4xx_hal_gpio.o
                0x08001abc                HAL_GPIO_ReadPin
 .text.HAL_GPIO_WritePin
                0x08001aec       0x32 ./Drivers/STM32F4xx_HAL_Driver/Src/stm32f4xx_hal_gpio.o
                0x08001aec                HAL_GPIO_WritePin
 .text.HAL_GPIO_TogglePin
                0x08001b1e       0x34 ./Drivers/STM32F4xx_HAL_Driver/Src/stm32f4xx_hal_gpio.o
                0x08001b1e                HAL_GPIO_TogglePin
 *fill*         0x08001b52        0x2 
 .text.HAL_GPIO_EXTI_IRQHandler
                0x08001b54       0x30 ./Drivers/STM32F4xx_HAL_Driver/Src/stm32f4xx_hal_gpio.o
                0x08001b54                HAL_GPIO_EXTI_IRQHandler
 .text.HAL_PCD_Init
                0x08001b84      0x21e ./Drivers/STM32F4xx_HAL_Driver/Src/stm32f4xx_hal_pcd.o
                0x08001b84                HAL_PCD_Init
 .text.HAL_PCD_Start
                0x08001da2       0x6a ./Drivers/STM32F4xx_HAL_Driver/Src/stm32f4xx_hal_pcd.o
                0x08001da2                HAL_PCD_Start
 .text.HAL_PCD_IRQHandler
                0x08001e0c      0x942 ./Drivers/STM32F4xx_HAL_Driver/Src/stm32f4xx_hal_pcd.o
                0x08001e0c                HAL_PCD_IRQHandler
 .text.HAL_PCD_SetAddress
                0x0800274e       0x48 ./Drivers/STM32F4xx_HAL_Driver/Src/stm32f4xx_hal_pcd.o
                0x0800274e                HAL_PCD_SetAddress
 .text.HAL_PCD_EP_Open
                0x08002796       0xd4 ./Drivers/STM32F4xx_HAL_Driver/Src/stm32f4xx_hal_pcd.o
                0x08002796                HAL_PCD_EP_Open
 .text.HAL_PCD_EP_Close
                0x0800286a       0x94 ./Drivers/STM32F4xx_HAL_Driver/Src/stm32f4xx_hal_pcd.o
                0x0800286a                HAL_PCD_EP_Close
 .text.HAL_PCD_EP_Receive
                0x080028fe       0x76 ./Drivers/STM32F4xx_HAL_Driver/Src/stm32f4xx_hal_pcd.o
                0x080028fe                HAL_PCD_EP_Receive
 .text.HAL_PCD_EP_GetRxCount
                0x08002974       0x30 ./Drivers/STM32F4xx_HAL_Driver/Src/stm32f4xx_hal_pcd.o
                0x08002974                HAL_PCD_EP_GetRxCount
 .text.HAL_PCD_EP_Transmit
                0x080029a4       0x74 ./Drivers/STM32F4xx_HAL_Driver/Src/stm32f4xx_hal_pcd.o
                0x080029a4                HAL_PCD_EP_Transmit
 .text.HAL_PCD_EP_SetStall
                0x08002a18       0xc6 ./Drivers/STM32F4xx_HAL_Driver/Src/stm32f4xx_hal_pcd.o
                0x08002a18                HAL_PCD_EP_SetStall
 .text.HAL_PCD_EP_ClrStall
                0x08002ade       0xac ./Drivers/STM32F4xx_HAL_Driver/Src/stm32f4xx_hal_pcd.o
                0x08002ade                HAL_PCD_EP_ClrStall
 .text.HAL_PCD_EP_Abort
                0x08002b8a       0x62 ./Drivers/STM32F4xx_HAL_Driver/Src/stm32f4xx_hal_pcd.o
                0x08002b8a                HAL_PCD_EP_Abort
 .text.PCD_WriteEmptyTxFifo
                0x08002bec      0x118 ./Drivers/STM32F4xx_HAL_Driver/Src/stm32f4xx_hal_pcd.o
 .text.PCD_EP_OutXfrComplete_int
                0x08002d04      0x1d0 ./Drivers/STM32F4xx_HAL_Driver/Src/stm32f4xx_hal_pcd.o
 .text.PCD_EP_OutSetupPacket_int
                0x08002ed4       0x8c ./Drivers/STM32F4xx_HAL_Driver/Src/stm32f4xx_hal_pcd.o
 .text.HAL_PCDEx_SetTxFiFo
                0x08002f60       0x8e ./Drivers/STM32F4xx_HAL_Driver/Src/stm32f4xx_hal_pcd_ex.o
                0x08002f60                HAL_PCDEx_SetTxFiFo
 .text.HAL_PCDEx_SetRxFiFo
                0x08002fee       0x22 ./Drivers/STM32F4xx_HAL_Driver/Src/stm32f4xx_hal_pcd_ex.o
                0x08002fee                HAL_PCDEx_SetRxFiFo
 .text.HAL_PCDEx_LPM_Callback
                0x08003010       0x18 ./Drivers/STM32F4xx_HAL_Driver/Src/stm32f4xx_hal_pcd_ex.o
                0x08003010                HAL_PCDEx_LPM_Callback
 .text.HAL_RCC_OscConfig
                0x08003028      0x4f0 ./Drivers/STM32F4xx_HAL_Driver/Src/stm32f4xx_hal_rcc.o
                0x08003028                HAL_RCC_OscConfig
 .text.HAL_RCC_ClockConfig
                0x08003518      0x1cc ./Drivers/STM32F4xx_HAL_Driver/Src/stm32f4xx_hal_rcc.o
                0x08003518                HAL_RCC_ClockConfig
 .text.HAL_RCC_GetSysClockFreq
                0x080036e4      0x18c ./Drivers/STM32F4xx_HAL_Driver/Src/stm32f4xx_hal_rcc.o
                0x080036e4                HAL_RCC_GetSysClockFreq
 .text.HAL_RCC_GetHCLKFreq
                0x08003870       0x18 ./Drivers/STM32F4xx_HAL_Driver/Src/stm32f4xx_hal_rcc.o
                0x08003870                HAL_RCC_GetHCLKFreq
 .text.HAL_RCCEx_PeriphCLKConfig
                0x08003888      0x1e0 ./Drivers/STM32F4xx_HAL_Driver/Src/stm32f4xx_hal_rcc_ex.o
                0x08003888                HAL_RCCEx_PeriphCLKConfig
 .text.HAL_RTC_Init
                0x08003a68      0x102 ./Drivers/STM32F4xx_HAL_Driver/Src/stm32f4xx_hal_rtc.o
                0x08003a68                HAL_RTC_Init
 *fill*         0x08003b6a        0x2 
 .text.HAL_RTC_WaitForSynchro
                0x08003b6c       0x4c ./Drivers/STM32F4xx_HAL_Driver/Src/stm32f4xx_hal_rtc.o
                0x08003b6c                HAL_RTC_WaitForSynchro
 .text.RTC_EnterInitMode
                0x08003bb8       0x6e ./Drivers/STM32F4xx_HAL_Driver/Src/stm32f4xx_hal_rtc.o
                0x08003bb8                RTC_EnterInitMode
 .text.RTC_ExitInitMode
                0x08003c26       0x4a ./Drivers/STM32F4xx_HAL_Driver/Src/stm32f4xx_hal_rtc.o
                0x08003c26                RTC_ExitInitMode
 .text.HAL_SPI_Init
                0x08003c70      0x112 ./Drivers/STM32F4xx_HAL_Driver/Src/stm32f4xx_hal_spi.o
                0x08003c70                HAL_SPI_Init
 .text.HAL_SPI_Transmit
                0x08003d82      0x288 ./Drivers/STM32F4xx_HAL_Driver/Src/stm32f4xx_hal_spi.o
                0x08003d82                HAL_SPI_Transmit
 .text.HAL_SPI_Receive
                0x0800400a      0x232 ./Drivers/STM32F4xx_HAL_Driver/Src/stm32f4xx_hal_spi.o
                0x0800400a                HAL_SPI_Receive
 .text.HAL_SPI_TransmitReceive
                0x0800423c      0x352 ./Drivers/STM32F4xx_HAL_Driver/Src/stm32f4xx_hal_spi.o
                0x0800423c                HAL_SPI_TransmitReceive
 *fill*         0x0800458e        0x2 
 .text.SPI_WaitFlagStateUntilTimeout
                0x08004590      0x110 ./Drivers/STM32F4xx_HAL_Driver/Src/stm32f4xx_hal_spi.o
 .text.SPI_EndRxTransaction
                0x080046a0       0xca ./Drivers/STM32F4xx_HAL_Driver/Src/stm32f4xx_hal_spi.o
 *fill*         0x0800476a        0x2 
 .text.SPI_EndRxTxTransaction
                0x0800476c       0xa8 ./Drivers/STM32F4xx_HAL_Driver/Src/stm32f4xx_hal_spi.o
 .text.HAL_TIM_Base_Init
                0x08004814       0x9e ./Drivers/STM32F4xx_HAL_Driver/Src/stm32f4xx_hal_tim.o
                0x08004814                HAL_TIM_Base_Init
 .text.HAL_TIM_IRQHandler
                0x080048b2      0x1e0 ./Drivers/STM32F4xx_HAL_Driver/Src/stm32f4xx_hal_tim.o
                0x080048b2                HAL_TIM_IRQHandler
 .text.HAL_TIM_ConfigClockSource
                0x08004a92      0x18e ./Drivers/STM32F4xx_HAL_Driver/Src/stm32f4xx_hal_tim.o
                0x08004a92                HAL_TIM_ConfigClockSource
 .text.HAL_TIM_PeriodElapsedCallback
                0x08004c20       0x14 ./Drivers/STM32F4xx_HAL_Driver/Src/stm32f4xx_hal_tim.o
                0x08004c20                HAL_TIM_PeriodElapsedCallback
 .text.HAL_TIM_OC_DelayElapsedCallback
                0x08004c34       0x14 ./Drivers/STM32F4xx_HAL_Driver/Src/stm32f4xx_hal_tim.o
                0x08004c34                HAL_TIM_OC_DelayElapsedCallback
 .text.HAL_TIM_IC_CaptureCallback
                0x08004c48       0x14 ./Drivers/STM32F4xx_HAL_Driver/Src/stm32f4xx_hal_tim.o
                0x08004c48                HAL_TIM_IC_CaptureCallback
 .text.HAL_TIM_PWM_PulseFinishedCallback
                0x08004c5c       0x14 ./Drivers/STM32F4xx_HAL_Driver/Src/stm32f4xx_hal_tim.o
                0x08004c5c                HAL_TIM_PWM_PulseFinishedCallback
 .text.HAL_TIM_TriggerCallback
                0x08004c70       0x14 ./Drivers/STM32F4xx_HAL_Driver/Src/stm32f4xx_hal_tim.o
                0x08004c70                HAL_TIM_TriggerCallback
 .text.TIM_Base_SetConfig
                0x08004c84      0x10c ./Drivers/STM32F4xx_HAL_Driver/Src/stm32f4xx_hal_tim.o
                0x08004c84                TIM_Base_SetConfig
 .text.TIM_TI1_ConfigInputStage
                0x08004d90       0x5e ./Drivers/STM32F4xx_HAL_Driver/Src/stm32f4xx_hal_tim.o
 .text.TIM_TI2_ConfigInputStage
                0x08004dee       0x60 ./Drivers/STM32F4xx_HAL_Driver/Src/stm32f4xx_hal_tim.o
 .text.TIM_ITRx_SetConfig
                0x08004e4e       0x36 ./Drivers/STM32F4xx_HAL_Driver/Src/stm32f4xx_hal_tim.o
 .text.TIM_ETR_SetConfig
                0x08004e84       0x40 ./Drivers/STM32F4xx_HAL_Driver/Src/stm32f4xx_hal_tim.o
                0x08004e84                TIM_ETR_SetConfig
 .text.HAL_TIMEx_MasterConfigSynchronization
                0x08004ec4       0xdc ./Drivers/STM32F4xx_HAL_Driver/Src/stm32f4xx_hal_tim_ex.o
                0x08004ec4                HAL_TIMEx_MasterConfigSynchronization
 .text.HAL_TIMEx_CommutCallback
                0x08004fa0       0x14 ./Drivers/STM32F4xx_HAL_Driver/Src/stm32f4xx_hal_tim_ex.o
                0x08004fa0                HAL_TIMEx_CommutCallback
 .text.HAL_TIMEx_BreakCallback
                0x08004fb4       0x14 ./Drivers/STM32F4xx_HAL_Driver/Src/stm32f4xx_hal_tim_ex.o
                0x08004fb4                HAL_TIMEx_BreakCallback
 .text.USB_CoreInit
                0x08004fc8       0xc8 ./Drivers/STM32F4xx_HAL_Driver/Src/stm32f4xx_ll_usb.o
                0x08004fc8                USB_CoreInit
 .text.USB_SetTurnaroundTime
                0x08005090      0x144 ./Drivers/STM32F4xx_HAL_Driver/Src/stm32f4xx_ll_usb.o
                0x08005090                USB_SetTurnaroundTime
 .text.USB_EnableGlobalInt
                0x080051d4       0x22 ./Drivers/STM32F4xx_HAL_Driver/Src/stm32f4xx_ll_usb.o
                0x080051d4                USB_EnableGlobalInt
 .text.USB_DisableGlobalInt
                0x080051f6       0x22 ./Drivers/STM32F4xx_HAL_Driver/Src/stm32f4xx_ll_usb.o
                0x080051f6                USB_DisableGlobalInt
 .text.USB_SetCurrentMode
                0x08005218       0x98 ./Drivers/STM32F4xx_HAL_Driver/Src/stm32f4xx_ll_usb.o
                0x08005218                USB_SetCurrentMode
 .text.USB_DevInit
                0x080052b0      0x2c8 ./Drivers/STM32F4xx_HAL_Driver/Src/stm32f4xx_ll_usb.o
                0x080052b0                USB_DevInit
 .text.USB_FlushTxFifo
                0x08005578       0x64 ./Drivers/STM32F4xx_HAL_Driver/Src/stm32f4xx_ll_usb.o
                0x08005578                USB_FlushTxFifo
 .text.USB_FlushRxFifo
                0x080055dc       0x5c ./Drivers/STM32F4xx_HAL_Driver/Src/stm32f4xx_ll_usb.o
                0x080055dc                USB_FlushRxFifo
 .text.USB_SetDevSpeed
                0x08005638       0x32 ./Drivers/STM32F4xx_HAL_Driver/Src/stm32f4xx_ll_usb.o
                0x08005638                USB_SetDevSpeed
 .text.USB_GetDevSpeed
                0x0800566a       0x4a ./Drivers/STM32F4xx_HAL_Driver/Src/stm32f4xx_ll_usb.o
                0x0800566a                USB_GetDevSpeed
 .text.USB_ActivateEndpoint
                0x080056b4      0x10e ./Drivers/STM32F4xx_HAL_Driver/Src/stm32f4xx_ll_usb.o
                0x080056b4                USB_ActivateEndpoint
 *fill*         0x080057c2        0x2 
 .text.USB_DeactivateEndpoint
                0x080057c4      0x1b8 ./Drivers/STM32F4xx_HAL_Driver/Src/stm32f4xx_ll_usb.o
                0x080057c4                USB_DeactivateEndpoint
 .text.USB_EPStartXfer
                0x0800597c      0x53c ./Drivers/STM32F4xx_HAL_Driver/Src/stm32f4xx_ll_usb.o
                0x0800597c                USB_EPStartXfer
 .text.USB_EPStopXfer
                0x08005eb8      0x154 ./Drivers/STM32F4xx_HAL_Driver/Src/stm32f4xx_ll_usb.o
                0x08005eb8                USB_EPStopXfer
 .text.USB_WritePacket
                0x0800600c       0x7c ./Drivers/STM32F4xx_HAL_Driver/Src/stm32f4xx_ll_usb.o
                0x0800600c                USB_WritePacket
 .text.USB_ReadPacket
                0x08006088       0xb0 ./Drivers/STM32F4xx_HAL_Driver/Src/stm32f4xx_ll_usb.o
                0x08006088                USB_ReadPacket
 .text.USB_EPSetStall
                0x08006138       0xdc ./Drivers/STM32F4xx_HAL_Driver/Src/stm32f4xx_ll_usb.o
                0x08006138                USB_EPSetStall
 .text.USB_EPClearStall
                0x08006214       0xcc ./Drivers/STM32F4xx_HAL_Driver/Src/stm32f4xx_ll_usb.o
                0x08006214                USB_EPClearStall
 .text.USB_SetDevAddress
                0x080062e0       0x4c ./Drivers/STM32F4xx_HAL_Driver/Src/stm32f4xx_ll_usb.o
                0x080062e0                USB_SetDevAddress
 .text.USB_DevConnect
                0x0800632c       0x42 ./Drivers/STM32F4xx_HAL_Driver/Src/stm32f4xx_ll_usb.o
                0x0800632c                USB_DevConnect
 .text.USB_DevDisconnect
                0x0800636e       0x42 ./Drivers/STM32F4xx_HAL_Driver/Src/stm32f4xx_ll_usb.o
                0x0800636e                USB_DevDisconnect
 .text.USB_ReadInterrupts
                0x080063b0       0x26 ./Drivers/STM32F4xx_HAL_Driver/Src/stm32f4xx_ll_usb.o
                0x080063b0                USB_ReadInterrupts
 .text.USB_ReadDevAllOutEpInterrupt
                0x080063d6       0x34 ./Drivers/STM32F4xx_HAL_Driver/Src/stm32f4xx_ll_usb.o
                0x080063d6                USB_ReadDevAllOutEpInterrupt
 .text.USB_ReadDevAllInEpInterrupt
                0x0800640a       0x34 ./Drivers/STM32F4xx_HAL_Driver/Src/stm32f4xx_ll_usb.o
                0x0800640a                USB_ReadDevAllInEpInterrupt
 .text.USB_ReadDevOutEPInterrupt
                0x0800643e       0x3c ./Drivers/STM32F4xx_HAL_Driver/Src/stm32f4xx_ll_usb.o
                0x0800643e                USB_ReadDevOutEPInterrupt
 .text.USB_ReadDevInEPInterrupt
                0x0800647a       0x5c ./Drivers/STM32F4xx_HAL_Driver/Src/stm32f4xx_ll_usb.o
                0x0800647a                USB_ReadDevInEPInterrupt
 .text.USB_GetMode
                0x080064d6       0x1c ./Drivers/STM32F4xx_HAL_Driver/Src/stm32f4xx_ll_usb.o
                0x080064d6                USB_GetMode
 .text.USB_ActivateSetup
                0x080064f2       0x46 ./Drivers/STM32F4xx_HAL_Driver/Src/stm32f4xx_ll_usb.o
                0x080064f2                USB_ActivateSetup
 .text.USB_EP0_OutStart
                0x08006538       0xbc ./Drivers/STM32F4xx_HAL_Driver/Src/stm32f4xx_ll_usb.o
                0x08006538                USB_EP0_OutStart
 .text.USB_CoreReset
                0x080065f4       0x70 ./Drivers/STM32F4xx_HAL_Driver/Src/stm32f4xx_ll_usb.o
 .text.USBD_CDC_Init
                0x08006664      0x1f0 ./Middlewares/ST/STM32_USB_Device_Library/Class/CDC/Src/usbd_cdc.o
 .text.USBD_CDC_DeInit
                0x08006854      0x104 ./Middlewares/ST/STM32_USB_Device_Library/Class/CDC/Src/usbd_cdc.o
 .text.USBD_CDC_Setup
                0x08006958      0x1b8 ./Middlewares/ST/STM32_USB_Device_Library/Class/CDC/Src/usbd_cdc.o
 .text.USBD_CDC_DataIn
                0x08006b10       0xfe ./Middlewares/ST/STM32_USB_Device_Library/Class/CDC/Src/usbd_cdc.o
 .text.USBD_CDC_DataOut
                0x08006c0e       0x70 ./Middlewares/ST/STM32_USB_Device_Library/Class/CDC/Src/usbd_cdc.o
 .text.USBD_CDC_EP0_RxReady
                0x08006c7e       0x74 ./Middlewares/ST/STM32_USB_Device_Library/Class/CDC/Src/usbd_cdc.o
 *fill*         0x08006cf2        0x2 
 .text.USBD_CDC_GetFSCfgDesc
                0x08006cf4       0x70 ./Middlewares/ST/STM32_USB_Device_Library/Class/CDC/Src/usbd_cdc.o
 .text.USBD_CDC_GetHSCfgDesc
                0x08006d64       0x70 ./Middlewares/ST/STM32_USB_Device_Library/Class/CDC/Src/usbd_cdc.o
 .text.USBD_CDC_GetOtherSpeedCfgDesc
                0x08006dd4       0x70 ./Middlewares/ST/STM32_USB_Device_Library/Class/CDC/Src/usbd_cdc.o
 .text.USBD_CDC_GetDeviceQualifierDescriptor
                0x08006e44       0x20 ./Middlewares/ST/STM32_USB_Device_Library/Class/CDC/Src/usbd_cdc.o
                0x08006e44                USBD_CDC_GetDeviceQualifierDescriptor
 .text.USBD_CDC_RegisterInterface
                0x08006e64       0x34 ./Middlewares/ST/STM32_USB_Device_Library/Class/CDC/Src/usbd_cdc.o
                0x08006e64                USBD_CDC_RegisterInterface
 .text.USBD_CDC_SetTxBuffer
                0x08006e98       0x44 ./Middlewares/ST/STM32_USB_Device_Library/Class/CDC/Src/usbd_cdc.o
                0x08006e98                USBD_CDC_SetTxBuffer
 .text.USBD_CDC_SetRxBuffer
                0x08006edc       0x3a ./Middlewares/ST/STM32_USB_Device_Library/Class/CDC/Src/usbd_cdc.o
                0x08006edc                USBD_CDC_SetRxBuffer
 *fill*         0x08006f16        0x2 
 .text.USBD_CDC_TransmitPacket
                0x08006f18       0x80 ./Middlewares/ST/STM32_USB_Device_Library/Class/CDC/Src/usbd_cdc.o
                0x08006f18                USBD_CDC_TransmitPacket
 .text.USBD_CDC_ReceivePacket
                0x08006f98       0x6c ./Middlewares/ST/STM32_USB_Device_Library/Class/CDC/Src/usbd_cdc.o
                0x08006f98                USBD_CDC_ReceivePacket
 .text.USBD_Init
                0x08007004       0x60 ./Middlewares/ST/STM32_USB_Device_Library/Core/Src/usbd_core.o
                0x08007004                USBD_Init
 .text.USBD_RegisterClass
                0x08007064       0x6c ./Middlewares/ST/STM32_USB_Device_Library/Core/Src/usbd_core.o
                0x08007064                USBD_RegisterClass
 .text.USBD_Start
                0x080070d0       0x18 ./Middlewares/ST/STM32_USB_Device_Library/Core/Src/usbd_core.o
                0x080070d0                USBD_Start
 .text.USBD_RunTestMode
                0x080070e8       0x16 ./Middlewares/ST/STM32_USB_Device_Library/Core/Src/usbd_core.o
                0x080070e8                USBD_RunTestMode
 .text.USBD_SetClassConfig
                0x080070fe       0x38 ./Middlewares/ST/STM32_USB_Device_Library/Core/Src/usbd_core.o
                0x080070fe                USBD_SetClassConfig
 .text.USBD_ClrClassConfig
                0x08007136       0x34 ./Middlewares/ST/STM32_USB_Device_Library/Core/Src/usbd_core.o
                0x08007136                USBD_ClrClassConfig
 .text.USBD_LL_SetupStage
                0x0800716a       0xaa ./Middlewares/ST/STM32_USB_Device_Library/Core/Src/usbd_core.o
                0x0800716a                USBD_LL_SetupStage
 .text.USBD_LL_DataOutStage
                0x08007214      0x178 ./Middlewares/ST/STM32_USB_Device_Library/Core/Src/usbd_core.o
                0x08007214                USBD_LL_DataOutStage
 .text.USBD_LL_DataInStage
                0x0800738c      0x176 ./Middlewares/ST/STM32_USB_Device_Library/Core/Src/usbd_core.o
                0x0800738c                USBD_LL_DataInStage
 .text.USBD_LL_Reset
                0x08007502       0xa6 ./Middlewares/ST/STM32_USB_Device_Library/Core/Src/usbd_core.o
                0x08007502                USBD_LL_Reset
 .text.USBD_LL_SetSpeed
                0x080075a8       0x20 ./Middlewares/ST/STM32_USB_Device_Library/Core/Src/usbd_core.o
                0x080075a8                USBD_LL_SetSpeed
 .text.USBD_LL_Suspend
                0x080075c8       0x38 ./Middlewares/ST/STM32_USB_Device_Library/Core/Src/usbd_core.o
                0x080075c8                USBD_LL_Suspend
 .text.USBD_LL_Resume
                0x08007600       0x30 ./Middlewares/ST/STM32_USB_Device_Library/Core/Src/usbd_core.o
                0x08007600                USBD_LL_Resume
 .text.USBD_LL_SOF
                0x08007630       0x40 ./Middlewares/ST/STM32_USB_Device_Library/Core/Src/usbd_core.o
                0x08007630                USBD_LL_SOF
 .text.USBD_LL_IsoINIncomplete
                0x08007670       0x64 ./Middlewares/ST/STM32_USB_Device_Library/Core/Src/usbd_core.o
                0x08007670                USBD_LL_IsoINIncomplete
 .text.USBD_LL_IsoOUTIncomplete
                0x080076d4       0x64 ./Middlewares/ST/STM32_USB_Device_Library/Core/Src/usbd_core.o
                0x080076d4                USBD_LL_IsoOUTIncomplete
 .text.USBD_LL_DevConnected
                0x08007738       0x16 ./Middlewares/ST/STM32_USB_Device_Library/Core/Src/usbd_core.o
                0x08007738                USBD_LL_DevConnected
 .text.USBD_LL_DevDisconnected
                0x0800774e       0x46 ./Middlewares/ST/STM32_USB_Device_Library/Core/Src/usbd_core.o
                0x0800774e                USBD_LL_DevDisconnected
 .text.USBD_CoreFindIF
                0x08007794       0x1a ./Middlewares/ST/STM32_USB_Device_Library/Core/Src/usbd_core.o
                0x08007794                USBD_CoreFindIF
 .text.USBD_CoreFindEP
                0x080077ae       0x1a ./Middlewares/ST/STM32_USB_Device_Library/Core/Src/usbd_core.o
                0x080077ae                USBD_CoreFindEP
 .text.USBD_GetEpDesc
                0x080077c8       0x70 ./Middlewares/ST/STM32_USB_Device_Library/Core/Src/usbd_core.o
                0x080077c8                USBD_GetEpDesc
 .text.USBD_GetNextDesc
                0x08007838       0x38 ./Middlewares/ST/STM32_USB_Device_Library/Core/Src/usbd_core.o
                0x08007838                USBD_GetNextDesc
 .text.SWAPBYTE
                0x08007870       0x3e ./Middlewares/ST/STM32_USB_Device_Library/Core/Src/usbd_ctlreq.o
 *fill*         0x080078ae        0x2 
 .text.USBD_StdDevReq
                0x080078b0       0xe4 ./Middlewares/ST/STM32_USB_Device_Library/Core/Src/usbd_ctlreq.o
                0x080078b0                USBD_StdDevReq
 .text.USBD_StdItfReq
                0x08007994       0xd8 ./Middlewares/ST/STM32_USB_Device_Library/Core/Src/usbd_ctlreq.o
                0x08007994                USBD_StdItfReq
 .text.USBD_StdEPReq
                0x08007a6c      0x33e ./Middlewares/ST/STM32_USB_Device_Library/Core/Src/usbd_ctlreq.o
                0x08007a6c                USBD_StdEPReq
 *fill*         0x08007daa        0x2 
 .text.USBD_GetDescriptor
                0x08007dac      0x2d4 ./Middlewares/ST/STM32_USB_Device_Library/Core/Src/usbd_ctlreq.o
 .text.USBD_SetAddress
                0x08008080       0x88 ./Middlewares/ST/STM32_USB_Device_Library/Core/Src/usbd_ctlreq.o
 .text.USBD_SetConfig
                0x08008108      0x154 ./Middlewares/ST/STM32_USB_Device_Library/Core/Src/usbd_ctlreq.o
 .text.USBD_GetConfig
                0x0800825c       0x6c ./Middlewares/ST/STM32_USB_Device_Library/Core/Src/usbd_ctlreq.o
 .text.USBD_GetStatus
                0x080082c8       0x68 ./Middlewares/ST/STM32_USB_Device_Library/Core/Src/usbd_ctlreq.o
 .text.USBD_SetFeature
                0x08008330       0x52 ./Middlewares/ST/STM32_USB_Device_Library/Core/Src/usbd_ctlreq.o
 .text.USBD_ClrFeature
                0x08008382       0x44 ./Middlewares/ST/STM32_USB_Device_Library/Core/Src/usbd_ctlreq.o
 .text.USBD_ParseSetupRequest
                0x080083c6       0x74 ./Middlewares/ST/STM32_USB_Device_Library/Core/Src/usbd_ctlreq.o
                0x080083c6                USBD_ParseSetupRequest
 .text.USBD_CtlError
                0x0800843a       0x22 ./Middlewares/ST/STM32_USB_Device_Library/Core/Src/usbd_ctlreq.o
                0x0800843a                USBD_CtlError
 .text.USBD_GetString
                0x0800845c       0xa4 ./Middlewares/ST/STM32_USB_Device_Library/Core/Src/usbd_ctlreq.o
                0x0800845c                USBD_GetString
 .text.USBD_GetLen
                0x08008500       0x34 ./Middlewares/ST/STM32_USB_Device_Library/Core/Src/usbd_ctlreq.o
 .text.USBD_CtlSendData
                0x08008534       0x3c ./Middlewares/ST/STM32_USB_Device_Library/Core/Src/usbd_ioreq.o
                0x08008534                USBD_CtlSendData
 .text.USBD_CtlContinueSendData
                0x08008570       0x22 ./Middlewares/ST/STM32_USB_Device_Library/Core/Src/usbd_ioreq.o
                0x08008570                USBD_CtlContinueSendData
 .text.USBD_CtlPrepareRx
                0x08008592       0x42 ./Middlewares/ST/STM32_USB_Device_Library/Core/Src/usbd_ioreq.o
                0x08008592                USBD_CtlPrepareRx
 .text.USBD_CtlContinueRx
                0x080085d4       0x22 ./Middlewares/ST/STM32_USB_Device_Library/Core/Src/usbd_ioreq.o
                0x080085d4                USBD_CtlContinueRx
 .text.USBD_CtlSendStatus
                0x080085f6       0x26 ./Middlewares/ST/STM32_USB_Device_Library/Core/Src/usbd_ioreq.o
                0x080085f6                USBD_CtlSendStatus
 .text.USBD_CtlReceiveStatus
                0x0800861c       0x26 ./Middlewares/ST/STM32_USB_Device_Library/Core/Src/usbd_ioreq.o
                0x0800861c                USBD_CtlReceiveStatus
 *fill*         0x08008642        0x2 
 .text.MX_USB_DEVICE_Init
                0x08008644       0x60 ./USB_DEVICE/App/usb_device.o
                0x08008644                MX_USB_DEVICE_Init
 .text.CDC_Init_FS
                0x080086a4       0x28 ./USB_DEVICE/App/usbd_cdc_if.o
 .text.CDC_DeInit_FS
                0x080086cc       0x10 ./USB_DEVICE/App/usbd_cdc_if.o
 .text.CDC_Control_FS
                0x080086dc       0xbc ./USB_DEVICE/App/usbd_cdc_if.o
 .text.CDC_Receive_FS
                0x08008798       0x1c ./USB_DEVICE/App/usbd_cdc_if.o
 .text.CDC_Transmit_FS
                0x080087b4       0x4c ./USB_DEVICE/App/usbd_cdc_if.o
                0x080087b4                CDC_Transmit_FS
 .text.CDC_TransmitCplt_FS
                0x08008800       0x22 ./USB_DEVICE/App/usbd_cdc_if.o
 *fill*         0x08008822        0x2 
 .text.USBD_FS_DeviceDescriptor
                0x08008824       0x24 ./USB_DEVICE/App/usbd_desc.o
                0x08008824                USBD_FS_DeviceDescriptor
 .text.USBD_FS_LangIDStrDescriptor
                0x08008848       0x24 ./USB_DEVICE/App/usbd_desc.o
                0x08008848                USBD_FS_LangIDStrDescriptor
 .text.USBD_FS_ProductStrDescriptor
                0x0800886c       0x3c ./USB_DEVICE/App/usbd_desc.o
                0x0800886c                USBD_FS_ProductStrDescriptor
 .text.USBD_FS_ManufacturerStrDescriptor
                0x080088a8       0x28 ./USB_DEVICE/App/usbd_desc.o
                0x080088a8                USBD_FS_ManufacturerStrDescriptor
 .text.USBD_FS_SerialStrDescriptor
                0x080088d0       0x24 ./USB_DEVICE/App/usbd_desc.o
                0x080088d0                USBD_FS_SerialStrDescriptor
 .text.USBD_FS_ConfigStrDescriptor
                0x080088f4       0x3c ./USB_DEVICE/App/usbd_desc.o
                0x080088f4                USBD_FS_ConfigStrDescriptor
 .text.USBD_FS_InterfaceStrDescriptor
                0x08008930       0x3c ./USB_DEVICE/App/usbd_desc.o
                0x08008930                USBD_FS_InterfaceStrDescriptor
 .text.Get_SerialNum
                0x0800896c       0x58 ./USB_DEVICE/App/usbd_desc.o
 .text.IntToUnicode
                0x080089c4       0x7e ./USB_DEVICE/App/usbd_desc.o
 *fill*         0x08008a42        0x2 
 .text.HAL_PCD_MspInit
                0x08008a44       0xa8 ./USB_DEVICE/Target/usbd_conf.o
                0x08008a44                HAL_PCD_MspInit
 .text.HAL_PCD_SetupStageCallback
                0x08008aec       0x24 ./USB_DEVICE/Target/usbd_conf.o
                0x08008aec                HAL_PCD_SetupStageCallback
 .text.HAL_PCD_DataOutStageCallback
                0x08008b10       0x36 ./USB_DEVICE/Target/usbd_conf.o
                0x08008b10                HAL_PCD_DataOutStageCallback
 .text.HAL_PCD_DataInStageCallback
                0x08008b46       0x34 ./USB_DEVICE/Target/usbd_conf.o
                0x08008b46                HAL_PCD_DataInStageCallback
 .text.HAL_PCD_SOFCallback
                0x08008b7a       0x1c ./USB_DEVICE/Target/usbd_conf.o
                0x08008b7a                HAL_PCD_SOFCallback
 .text.HAL_PCD_ResetCallback
                0x08008b96       0x3c ./USB_DEVICE/Target/usbd_conf.o
                0x08008b96                HAL_PCD_ResetCallback
 *fill*         0x08008bd2        0x2 
 .text.HAL_PCD_SuspendCallback
                0x08008bd4       0x4c ./USB_DEVICE/Target/usbd_conf.o
                0x08008bd4                HAL_PCD_SuspendCallback
 .text.HAL_PCD_ResumeCallback
                0x08008c20       0x1c ./USB_DEVICE/Target/usbd_conf.o
                0x08008c20                HAL_PCD_ResumeCallback
 .text.HAL_PCD_ISOOUTIncompleteCallback
                0x08008c3c       0x24 ./USB_DEVICE/Target/usbd_conf.o
                0x08008c3c                HAL_PCD_ISOOUTIncompleteCallback
 .text.HAL_PCD_ISOINIncompleteCallback
                0x08008c60       0x24 ./USB_DEVICE/Target/usbd_conf.o
                0x08008c60                HAL_PCD_ISOINIncompleteCallback
 .text.HAL_PCD_ConnectCallback
                0x08008c84       0x1c ./USB_DEVICE/Target/usbd_conf.o
                0x08008c84                HAL_PCD_ConnectCallback
 .text.HAL_PCD_DisconnectCallback
                0x08008ca0       0x1c ./USB_DEVICE/Target/usbd_conf.o
                0x08008ca0                HAL_PCD_DisconnectCallback
 .text.USBD_LL_Init
                0x08008cbc       0x98 ./USB_DEVICE/Target/usbd_conf.o
                0x08008cbc                USBD_LL_Init
 .text.USBD_LL_Start
                0x08008d54       0x36 ./USB_DEVICE/Target/usbd_conf.o
                0x08008d54                USBD_LL_Start
 .text.USBD_LL_OpenEP
                0x08008d8a       0x4c ./USB_DEVICE/Target/usbd_conf.o
                0x08008d8a                USBD_LL_OpenEP
 .text.USBD_LL_CloseEP
                0x08008dd6       0x3e ./USB_DEVICE/Target/usbd_conf.o
                0x08008dd6                USBD_LL_CloseEP
 .text.USBD_LL_StallEP
                0x08008e14       0x3e ./USB_DEVICE/Target/usbd_conf.o
                0x08008e14                USBD_LL_StallEP
 .text.USBD_LL_ClearStallEP
                0x08008e52       0x3e ./USB_DEVICE/Target/usbd_conf.o
                0x08008e52                USBD_LL_ClearStallEP
 .text.USBD_LL_IsStallEP
                0x08008e90       0x58 ./USB_DEVICE/Target/usbd_conf.o
                0x08008e90                USBD_LL_IsStallEP
 .text.USBD_LL_SetUSBAddress
                0x08008ee8       0x3e ./USB_DEVICE/Target/usbd_conf.o
                0x08008ee8                USBD_LL_SetUSBAddress
 .text.USBD_LL_Transmit
                0x08008f26       0x42 ./USB_DEVICE/Target/usbd_conf.o
                0x08008f26                USBD_LL_Transmit
 .text.USBD_LL_PrepareReceive
                0x08008f68       0x42 ./USB_DEVICE/Target/usbd_conf.o
                0x08008f68                USBD_LL_PrepareReceive
 .text.USBD_LL_GetRxDataSize
                0x08008faa       0x26 ./USB_DEVICE/Target/usbd_conf.o
                0x08008faa                USBD_LL_GetRxDataSize
 .text.USBD_static_malloc
                0x08008fd0       0x1c ./USB_DEVICE/Target/usbd_conf.o
                0x08008fd0                USBD_static_malloc
 .text.USBD_static_free
                0x08008fec       0x14 ./USB_DEVICE/Target/usbd_conf.o
                0x08008fec                USBD_static_free
 .text.USBD_Get_USB_Status
                0x08009000       0x58 ./USB_DEVICE/Target/usbd_conf.o
                0x08009000                USBD_Get_USB_Status
 .text.memset   0x08009058       0x10 /opt/st/stm32cubeide_1.19.0/plugins/com.st.stm32cube.ide.mcu.externaltools.gnu-tools-for-stm32.13.3.rel1.linux64_1.0.0.202410170706/tools/bin/../lib/gcc/arm-none-eabi/13.3.1/../../../../arm-none-eabi/lib/thumb/v7e-m+fp/hard/libc_nano.a(libc_a-memset.o)
                0x08009058                memset
 .text.__libc_init_array
                0x08009068       0x48 /opt/st/stm32cubeide_1.19.0/plugins/com.st.stm32cube.ide.mcu.externaltools.gnu-tools-for-stm32.13.3.rel1.linux64_1.0.0.202410170706/tools/bin/../lib/gcc/arm-none-eabi/13.3.1/../../../../arm-none-eabi/lib/thumb/v7e-m+fp/hard/libc_nano.a(libc_a-init.o)
                0x08009068                __libc_init_array
 .text.memcpy   0x080090b0       0x1c /opt/st/stm32cubeide_1.19.0/plugins/com.st.stm32cube.ide.mcu.externaltools.gnu-tools-for-stm32.13.3.rel1.linux64_1.0.0.202410170706/tools/bin/../lib/gcc/arm-none-eabi/13.3.1/../../../../arm-none-eabi/lib/thumb/v7e-m+fp/hard/libc_nano.a(libc_a-memcpy-stub.o)
                0x080090b0                memcpy
 *(.glue_7)
 .glue_7        0x080090cc        0x0 linker stubs
 *(.glue_7t)
 .glue_7t       0x080090cc        0x0 linker stubs
 *(.eh_frame)
 .eh_frame      0x080090cc        0x0 /opt/st/stm32cubeide_1.19.0/plugins/com.st.stm32cube.ide.mcu.externaltools.gnu-tools-for-stm32.13.3.rel1.linux64_1.0.0.202410170706/tools/bin/../lib/gcc/arm-none-eabi/13.3.1/thumb/v7e-m+fp/hard/crtbegin.o
 *(.init)
 .init          0x080090cc        0x4 /opt/st/stm32cubeide_1.19.0/plugins/com.st.stm32cube.ide.mcu.externaltools.gnu-tools-for-stm32.13.3.rel1.linux64_1.0.0.202410170706/tools/bin/../lib/gcc/arm-none-eabi/13.3.1/thumb/v7e-m+fp/hard/crti.o
                0x080090cc                _init
 .init          0x080090d0        0x8 /opt/st/stm32cubeide_1.19.0/plugins/com.st.stm32cube.ide.mcu.externaltools.gnu-tools-for-stm32.13.3.rel1.linux64_1.0.0.202410170706/tools/bin/../lib/gcc/arm-none-eabi/13.3.1/thumb/v7e-m+fp/hard/crtn.o
 *(.fini)
 .fini          0x080090d8        0x4 /opt/st/stm32cubeide_1.19.0/plugins/com.st.stm32cube.ide.mcu.externaltools.gnu-tools-for-stm32.13.3.rel1.linux64_1.0.0.202410170706/tools/bin/../lib/gcc/arm-none-eabi/13.3.1/thumb/v7e-m+fp/hard/crti.o
                0x080090d8                _fini
 .fini          0x080090dc        0x8 /opt/st/stm32cubeide_1.19.0/plugins/com.st.stm32cube.ide.mcu.externaltools.gnu-tools-for-stm32.13.3.rel1.linux64_1.0.0.202410170706/tools/bin/../lib/gcc/arm-none-eabi/13.3.1/thumb/v7e-m+fp/hard/crtn.o
                0x080090e4                        . = ALIGN (0x4)
                0x080090e4                        _etext = .

.vfp11_veneer   0x080090e4        0x0
 .vfp11_veneer  0x080090e4        0x0 linker stubs

.v4_bx          0x080090e4        0x0
 .v4_bx         0x080090e4        0x0 linker stubs

.iplt           0x080090e4        0x0
 .iplt          0x080090e4        0x0 /opt/st/stm32cubeide_1.19.0/plugins/com.st.stm32cube.ide.mcu.externaltools.gnu-tools-for-stm32.13.3.rel1.linux64_1.0.0.202410170706/tools/bin/../lib/gcc/arm-none-eabi/13.3.1/thumb/v7e-m+fp/hard/crtbegin.o

.rodata         0x080090e4       0x9c
                0x080090e4                        . = ALIGN (0x4)
 *(.rodata)
 .rodata        0x080090e4       0x46 ./USB_DEVICE/App/usbd_desc.o
 *(.rodata*)
 *fill*         0x0800912a        0x2 
 .rodata._Z16cc1101_init_regsI7GpioPinILj1073872896ELt16EEE
                0x0800912c       0x44 ./Core/Src/cppmain.o
 .rodata.AHBPrescTable
                0x08009170       0x10 ./Core/Src/system_stm32f4xx.o
                0x08009170                AHBPrescTable
                0x08009180                        . = ALIGN (0x4)

.ARM.extab      0x08009180        0x0
                0x08009180                        . = ALIGN (0x4)
 *(.ARM.extab* .gnu.linkonce.armextab.*)
                0x08009180                        . = ALIGN (0x4)

.ARM            0x08009180        0x8
                0x08009180                        . = ALIGN (0x4)
                0x08009180                        __exidx_start = .
 *(.ARM.exidx*)
 .ARM.exidx     0x08009180        0x8 /opt/st/stm32cubeide_1.19.0/plugins/com.st.stm32cube.ide.mcu.externaltools.gnu-tools-for-stm32.13.3.rel1.linux64_1.0.0.202410170706/tools/bin/../lib/gcc/arm-none-eabi/13.3.1/thumb/v7e-m+fp/hard/libgcc.a(_udivmoddi4.o)
                0x08009188                        __exidx_end = .
                0x08009188                        . = ALIGN (0x4)

.preinit_array  0x08009188        0x0
                0x08009188                        . = ALIGN (0x4)
                0x08009188                        PROVIDE (__preinit_array_start = .)
 *(.preinit_array*)
                0x08009188                        PROVIDE (__preinit_array_end = .)
                0x08009188                        . = ALIGN (0x4)

.init_array     0x08009188        0x8
                0x08009188                        . = ALIGN (0x4)
                0x08009188                        PROVIDE (__init_array_start = .)
 *(SORT_BY_NAME(.init_array.*))
 *(.init_array*)
 .init_array    0x08009188        0x4 /opt/st/stm32cubeide_1.19.0/plugins/com.st.stm32cube.ide.mcu.externaltools.gnu-tools-for-stm32.13.3.rel1.linux64_1.0.0.202410170706/tools/bin/../lib/gcc/arm-none-eabi/13.3.1/thumb/v7e-m+fp/hard/crtbegin.o
 .init_array    0x0800918c        0x4 ./Core/Src/cppmain.o
                0x08009190                        PROVIDE (__init_array_end = .)
                0x08009190                        . = ALIGN (0x4)

.fini_array     0x08009190        0x4
                0x08009190                        . = ALIGN (0x4)
                [!provide]                        PROVIDE (__fini_array_start = .)
 *(SORT_BY_NAME(.fini_array.*))
 *(.fini_array*)
 .fini_array    0x08009190        0x4 /opt/st/stm32cubeide_1.19.0/plugins/com.st.stm32cube.ide.mcu.externaltools.gnu-tools-for-stm32.13.3.rel1.linux64_1.0.0.202410170706/tools/bin/../lib/gcc/arm-none-eabi/13.3.1/thumb/v7e-m+fp/hard/crtbegin.o
                [!provide]                        PROVIDE (__fini_array_end = .)
                0x08009194                        . = ALIGN (0x4)
                0x08009194                        _sidata = LOADADDR (.data)

.rel.dyn        0x08009194        0x0
 .rel.iplt      0x08009194        0x0 /opt/st/stm32cubeide_1.19.0/plugins/com.st.stm32cube.ide.mcu.externaltools.gnu-tools-for-stm32.13.3.rel1.linux64_1.0.0.202410170706/tools/bin/../lib/gcc/arm-none-eabi/13.3.1/thumb/v7e-m+fp/hard/crtbegin.o

.data           0x20000000       0xfc load address 0x08009194
                0x20000000                        . = ALIGN (0x4)
                0x20000000                        _sdata = .
 *(.data)
 *(.data*)
 .data.SystemCoreClock
                0x20000000        0x4 ./Core/Src/system_stm32f4xx.o
                0x20000000                SystemCoreClock
 .data.uwTickPrio
                0x20000004        0x4 ./Drivers/STM32F4xx_HAL_Driver/Src/stm32f4xx_hal.o
                0x20000004                uwTickPrio
 .data.uwTickFreq
                0x20000008        0x1 ./Drivers/STM32F4xx_HAL_Driver/Src/stm32f4xx_hal.o
                0x20000008                uwTickFreq
 *fill*         0x20000009        0x3 
 .data.USBD_CDC_DeviceQualifierDesc
                0x2000000c        0xa ./Middlewares/ST/STM32_USB_Device_Library/Class/CDC/Src/usbd_cdc.o
 *fill*         0x20000016        0x2 
 .data.USBD_CDC
                0x20000018       0x38 ./Middlewares/ST/STM32_USB_Device_Library/Class/CDC/Src/usbd_cdc.o
                0x20000018                USBD_CDC
 .data.USBD_CDC_CfgDesc
                0x20000050       0x43 ./Middlewares/ST/STM32_USB_Device_Library/Class/CDC/Src/usbd_cdc.o
 .data.CDCInEpAdd
                0x20000093        0x1 ./Middlewares/ST/STM32_USB_Device_Library/Class/CDC/Src/usbd_cdc.o
 .data.CDCOutEpAdd
                0x20000094        0x1 ./Middlewares/ST/STM32_USB_Device_Library/Class/CDC/Src/usbd_cdc.o
 .data.CDCCmdEpAdd
                0x20000095        0x1 ./Middlewares/ST/STM32_USB_Device_Library/Class/CDC/Src/usbd_cdc.o
 *fill*         0x20000096        0x2 
 .data.USBD_Interface_fops_FS
                0x20000098       0x14 ./USB_DEVICE/App/usbd_cdc_if.o
                0x20000098                USBD_Interface_fops_FS
 .data.FS_Desc  0x200000ac       0x1c ./USB_DEVICE/App/usbd_desc.o
                0x200000ac                FS_Desc
 .data.USBD_FS_DeviceDesc
                0x200000c8       0x12 ./USB_DEVICE/App/usbd_desc.o
                0x200000c8                USBD_FS_DeviceDesc
 *fill*         0x200000da        0x2 
 .data.USBD_LangIDDesc
                0x200000dc        0x4 ./USB_DEVICE/App/usbd_desc.o
                0x200000dc                USBD_LangIDDesc
 .data.USBD_StringSerial
                0x200000e0       0x1a ./USB_DEVICE/App/usbd_desc.o
                0x200000e0                USBD_StringSerial
 *(.RamFunc)
 *(.RamFunc*)
                0x200000fc                        . = ALIGN (0x4)
 *fill*         0x200000fa        0x2 
                0x200000fc                        _edata = .

.igot.plt       0x200000fc        0x0 load address 0x08009290
 .igot.plt      0x200000fc        0x0 /opt/st/stm32cubeide_1.19.0/plugins/com.st.stm32cube.ide.mcu.externaltools.gnu-tools-for-stm32.13.3.rel1.linux64_1.0.0.202410170706/tools/bin/../lib/gcc/arm-none-eabi/13.3.1/thumb/v7e-m+fp/hard/crtbegin.o
                0x200000fc                        . = ALIGN (0x4)

.bss            0x200000fc     0x1f9c load address 0x08009290
                0x200000fc                        _sbss = .
                0x200000fc                        __bss_start__ = _sbss
 *(.bss)
 .bss           0x200000fc       0x1c /opt/st/stm32cubeide_1.19.0/plugins/com.st.stm32cube.ide.mcu.externaltools.gnu-tools-for-stm32.13.3.rel1.linux64_1.0.0.202410170706/tools/bin/../lib/gcc/arm-none-eabi/13.3.1/thumb/v7e-m+fp/hard/crtbegin.o
 *(.bss*)
 .bss.cc1101    0x20000118        0x1 ./Core/Src/cppmain.o
                0x20000118                cc1101
 *fill*         0x20000119        0x3 
 .bss.radio_manager
                0x2000011c      0x2d4 ./Core/Src/cppmain.o
                0x2000011c                radio_manager
 .bss.hrtc      0x200003f0       0x20 ./Core/Src/main.o
                0x200003f0                hrtc
 .bss.hspi1     0x20000410       0x58 ./Core/Src/main.o
                0x20000410                hspi1
 .bss.htim5     0x20000468       0x48 ./Core/Src/main.o
                0x20000468                htim5
 .bss.uwTick    0x200004b0        0x4 ./Drivers/STM32F4xx_HAL_Driver/Src/stm32f4xx_hal.o
                0x200004b0                uwTick
 .bss.cfgidx.0  0x200004b4        0x1 ./Middlewares/ST/STM32_USB_Device_Library/Core/Src/usbd_ctlreq.o
 *fill*         0x200004b5        0x3 
 .bss.hUsbDeviceFS
                0x200004b8      0x2dc ./USB_DEVICE/App/usb_device.o
                0x200004b8                hUsbDeviceFS
 .bss.UserRxBufferFS
                0x20000794      0x800 ./USB_DEVICE/App/usbd_cdc_if.o
                0x20000794                UserRxBufferFS
 .bss.UserTxBufferFS
                0x20000f94      0x800 ./USB_DEVICE/App/usbd_cdc_if.o
                0x20000f94                UserTxBufferFS
 .bss.USBD_StrDesc
                0x20001794      0x200 ./USB_DEVICE/App/usbd_desc.o
                0x20001794                USBD_StrDesc
 .bss.hpcd_USB_OTG_FS
                0x20001994      0x4e4 ./USB_DEVICE/Target/usbd_conf.o
                0x20001994                hpcd_USB_OTG_FS
 .bss.mem.0     0x20001e78      0x220 ./USB_DEVICE/Target/usbd_conf.o
 *(COMMON)
                0x20002098                        . = ALIGN (0x4)
                0x20002098                        _ebss = .
                0x20002098                        __bss_end__ = _ebss

._user_heap_stack
                0x20002098      0x600 load address 0x08009290
                0x20002098                        . = ALIGN (0x8)
                [!provide]                        PROVIDE (end = .)
                0x20002098                        PROVIDE (_end = .)
                0x20002298                        . = (. + _Min_Heap_Size)
 *fill*         0x20002098      0x200 
                0x20002698                        . = (. + _Min_Stack_Size)
 *fill*         0x20002298      0x400 
                0x20002698                        . = ALIGN (0x8)

/DISCARD/
 libc.a(*)
 libm.a(*)
 libgcc.a(*)

.ARM.attributes
                0x00000000       0x30
 *(.ARM.attributes)
 .ARM.attributes
                0x00000000       0x22 /opt/st/stm32cubeide_1.19.0/plugins/com.st.stm32cube.ide.mcu.externaltools.gnu-tools-for-stm32.13.3.rel1.linux64_1.0.0.202410170706/tools/bin/../lib/gcc/arm-none-eabi/13.3.1/thumb/v7e-m+fp/hard/crti.o
 .ARM.attributes
                0x00000022       0x34 /opt/st/stm32cubeide_1.19.0/plugins/com.st.stm32cube.ide.mcu.externaltools.gnu-tools-for-stm32.13.3.rel1.linux64_1.0.0.202410170706/tools/bin/../lib/gcc/arm-none-eabi/13.3.1/thumb/v7e-m+fp/hard/crtbegin.o
 .ARM.attributes
                0x00000056       0x34 ./Core/Src/Callbacks.o
 .ARM.attributes
                0x0000008a       0x34 ./Core/Src/cppmain.o
 .ARM.attributes
                0x000000be       0x34 ./Core/Src/main.o
 .ARM.attributes
                0x000000f2       0x34 ./Core/Src/stm32f4xx_hal_msp.o
 .ARM.attributes
                0x00000126       0x34 ./Core/Src/stm32f4xx_it.o
 .ARM.attributes
                0x0000015a       0x34 ./Core/Src/system_stm32f4xx.o
 .ARM.attributes
                0x0000018e       0x21 ./Core/Startup/startup_stm32f411ceux.o
 .ARM.attributes
                0x000001af       0x34 ./Drivers/STM32F4xx_HAL_Driver/Src/stm32f4xx_hal.o
 .ARM.attributes
                0x000001e3       0x34 ./Drivers/STM32F4xx_HAL_Driver/Src/stm32f4xx_hal_cortex.o
 .ARM.attributes
                0x00000217       0x34 ./Drivers/STM32F4xx_HAL_Driver/Src/stm32f4xx_hal_gpio.o
 .ARM.attributes
                0x0000024b       0x34 ./Drivers/STM32F4xx_HAL_Driver/Src/stm32f4xx_hal_pcd.o
 .ARM.attributes
                0x0000027f       0x34 ./Drivers/STM32F4xx_HAL_Driver/Src/stm32f4xx_hal_pcd_ex.o
 .ARM.attributes
                0x000002b3       0x34 ./Drivers/STM32F4xx_HAL_Driver/Src/stm32f4xx_hal_rcc.o
 .ARM.attributes
                0x000002e7       0x34 ./Drivers/STM32F4xx_HAL_Driver/Src/stm32f4xx_hal_rcc_ex.o
 .ARM.attributes
                0x0000031b       0x34 ./Drivers/STM32F4xx_HAL_Driver/Src/stm32f4xx_hal_rtc.o
 .ARM.attributes
                0x0000034f       0x34 ./Drivers/STM32F4xx_HAL_Driver/Src/stm32f4xx_hal_spi.o
 .ARM.attributes
                0x00000383       0x34 ./Drivers/STM32F4xx_HAL_Driver/Src/stm32f4xx_hal_tim.o
 .ARM.attributes
                0x000003b7       0x34 ./Drivers/STM32F4xx_HAL_Driver/Src/stm32f4xx_hal_tim_ex.o
 .ARM.attributes
                0x000003eb       0x34 ./Drivers/STM32F4xx_HAL_Driver/Src/stm32f4xx_ll_usb.o
 .ARM.attributes
                0x0000041f       0x34 ./Middlewares/ST/STM32_USB_Device_Library/Class/CDC/Src/usbd_cdc.o
 .ARM.attributes
                0x00000453       0x34 ./Middlewares/ST/STM32_USB_Device_Library/Core/Src/usbd_core.o
 .ARM.attributes
                0x00000487       0x34 ./Middlewares/ST/STM32_USB_Device_Library/Core/Src/usbd_ctlreq.o
 .ARM.attributes
                0x000004bb       0x34 ./Middlewares/ST/STM32_USB_Device_Library/Core/Src/usbd_ioreq.o
 .ARM.attributes
                0x000004ef       0x34 ./USB_DEVICE/App/usb_device.o
 .ARM.attributes
                0x00000523       0x34 ./USB_DEVICE/App/usbd_cdc_if.o
 .ARM.attributes
                0x00000557       0x34 ./USB_DEVICE/App/usbd_desc.o
 .ARM.attributes
                0x0000058b       0x34 ./USB_DEVICE/Target/usbd_conf.o
 .ARM.attributes
                0x000005bf       0x34 /opt/st/stm32cubeide_1.19.0/plugins/com.st.stm32cube.ide.mcu.externaltools.gnu-tools-for-stm32.13.3.rel1.linux64_1.0.0.202410170706/tools/bin/../lib/gcc/arm-none-eabi/13.3.1/../../../../arm-none-eabi/lib/thumb/v7e-m+fp/hard/libc_nano.a(libc_a-memset.o)
 .ARM.attributes
                0x000005f3       0x34 /opt/st/stm32cubeide_1.19.0/plugins/com.st.stm32cube.ide.mcu.externaltools.gnu-tools-for-stm32.13.3.rel1.linux64_1.0.0.202410170706/tools/bin/../lib/gcc/arm-none-eabi/13.3.1/../../../../arm-none-eabi/lib/thumb/v7e-m+fp/hard/libc_nano.a(libc_a-init.o)
 .ARM.attributes
                0x00000627       0x34 /opt/st/stm32cubeide_1.19.0/plugins/com.st.stm32cube.ide.mcu.externaltools.gnu-tools-for-stm32.13.3.rel1.linux64_1.0.0.202410170706/tools/bin/../lib/gcc/arm-none-eabi/13.3.1/../../../../arm-none-eabi/lib/thumb/v7e-m+fp/hard/libc_nano.a(libc_a-memcpy-stub.o)
 .ARM.attributes
                0x0000065b       0x22 /opt/st/stm32cubeide_1.19.0/plugins/com.st.stm32cube.ide.mcu.externaltools.gnu-tools-for-stm32.13.3.rel1.linux64_1.0.0.202410170706/tools/bin/../lib/gcc/arm-none-eabi/13.3.1/thumb/v7e-m+fp/hard/libgcc.a(_aeabi_uldivmod.o)
 .ARM.attributes
                0x0000067d       0x34 /opt/st/stm32cubeide_1.19.0/plugins/com.st.stm32cube.ide.mcu.externaltools.gnu-tools-for-stm32.13.3.rel1.linux64_1.0.0.202410170706/tools/bin/../lib/gcc/arm-none-eabi/13.3.1/thumb/v7e-m+fp/hard/libgcc.a(_udivmoddi4.o)
 .ARM.attributes
                0x000006b1       0x22 /opt/st/stm32cubeide_1.19.0/plugins/com.st.stm32cube.ide.mcu.externaltools.gnu-tools-for-stm32.13.3.rel1.linux64_1.0.0.202410170706/tools/bin/../lib/gcc/arm-none-eabi/13.3.1/thumb/v7e-m+fp/hard/libgcc.a(_dvmd_tls.o)
 .ARM.attributes
                0x000006d3       0x22 /opt/st/stm32cubeide_1.19.0/plugins/com.st.stm32cube.ide.mcu.externaltools.gnu-tools-for-stm32.13.3.rel1.linux64_1.0.0.202410170706/tools/bin/../lib/gcc/arm-none-eabi/13.3.1/thumb/v7e-m+fp/hard/crtn.o
OUTPUT(CC1101_Modem.elf elf32-littlearm)
LOAD linker stubs
LOAD /opt/st/stm32cubeide_1.19.0/plugins/com.st.stm32cube.ide.mcu.externaltools.gnu-tools-for-stm32.13.3.rel1.linux64_1.0.0.202410170706/tools/bin/../lib/gcc/arm-none-eabi/13.3.1/../../../../arm-none-eabi/lib/thumb/v7e-m+fp/hard/libc.a
LOAD /opt/st/stm32cubeide_1.19.0/plugins/com.st.stm32cube.ide.mcu.externaltools.gnu-tools-for-stm32.13.3.rel1.linux64_1.0.0.202410170706/tools/bin/../lib/gcc/arm-none-eabi/13.3.1/../../../../arm-none-eabi/lib/thumb/v7e-m+fp/hard/libm.a
LOAD /opt/st/stm32cubeide_1.19.0/plugins/com.st.stm32cube.ide.mcu.externaltools.gnu-tools-for-stm32.13.3.rel1.linux64_1.0.0.202410170706/tools/bin/../lib/gcc/arm-none-eabi/13.3.1/thumb/v7e-m+fp/hard/libgcc.a

.debug_info     0x00000000    0x193b0
 .debug_info    0x00000000     0x1433 ./Core/Src/Callbacks.o
 .debug_info    0x00001433     0x1ffd ./Core/Src/cppmain.o
 .debug_info    0x00003430     0x15e3 ./Core/Src/main.o
 .debug_info    0x00004a13     0x1375 ./Core/Src/stm32f4xx_hal_msp.o
 .debug_info    0x00005d88      0xbee ./Core/Src/stm32f4xx_it.o
 .debug_info    0x00006976      0x53e ./Core/Src/system_stm32f4xx.o
 .debug_info    0x00006eb4       0x30 ./Core/Startup/startup_stm32f411ceux.o
 .debug_info    0x00006ee4      0x8c4 ./Drivers/STM32F4xx_HAL_Driver/Src/stm32f4xx_hal.o
 .debug_info    0x000077a8      0xcfc ./Drivers/STM32F4xx_HAL_Driver/Src/stm32f4xx_hal_cortex.o
 .debug_info    0x000084a4      0x6f9 ./Drivers/STM32F4xx_HAL_Driver/Src/stm32f4xx_hal_gpio.o
 .debug_info    0x00008b9d     0x1577 ./Drivers/STM32F4xx_HAL_Driver/Src/stm32f4xx_hal_pcd.o
 .debug_info    0x0000a114      0x6ea ./Drivers/STM32F4xx_HAL_Driver/Src/stm32f4xx_hal_pcd_ex.o
 .debug_info    0x0000a7fe      0x904 ./Drivers/STM32F4xx_HAL_Driver/Src/stm32f4xx_hal_rcc.o
 .debug_info    0x0000b102      0x5a1 ./Drivers/STM32F4xx_HAL_Driver/Src/stm32f4xx_hal_rcc_ex.o
 .debug_info    0x0000b6a3      0xc43 ./Drivers/STM32F4xx_HAL_Driver/Src/stm32f4xx_hal_rtc.o
 .debug_info    0x0000c2e6     0x1530 ./Drivers/STM32F4xx_HAL_Driver/Src/stm32f4xx_hal_spi.o
 .debug_info    0x0000d816     0x2996 ./Drivers/STM32F4xx_HAL_Driver/Src/stm32f4xx_hal_tim.o
 .debug_info    0x000101ac     0x14d4 ./Drivers/STM32F4xx_HAL_Driver/Src/stm32f4xx_hal_tim_ex.o
 .debug_info    0x00011680     0x1993 ./Drivers/STM32F4xx_HAL_Driver/Src/stm32f4xx_ll_usb.o
 .debug_info    0x00013013     0x12b1 ./Middlewares/ST/STM32_USB_Device_Library/Class/CDC/Src/usbd_cdc.o
 .debug_info    0x000142c4      0xe12 ./Middlewares/ST/STM32_USB_Device_Library/Core/Src/usbd_core.o
 .debug_info    0x000150d6      0xaeb ./Middlewares/ST/STM32_USB_Device_Library/Core/Src/usbd_ctlreq.o
 .debug_info    0x00015bc1      0x762 ./Middlewares/ST/STM32_USB_Device_Library/Core/Src/usbd_ioreq.o
 .debug_info    0x00016323      0x70e ./USB_DEVICE/App/usb_device.o
 .debug_info    0x00016a31      0x914 ./USB_DEVICE/App/usbd_cdc_if.o
 .debug_info    0x00017345      0x458 ./USB_DEVICE/App/usbd_desc.o
 .debug_info    0x0001779d     0x1c13 ./USB_DEVICE/Target/usbd_conf.o

.debug_abbrev   0x00000000     0x4172
 .debug_abbrev  0x00000000      0x406 ./Core/Src/Callbacks.o
 .debug_abbrev  0x00000406      0x621 ./Core/Src/cppmain.o
 .debug_abbrev  0x00000a27      0x2de ./Core/Src/main.o
 .debug_abbrev  0x00000d05      0x223 ./Core/Src/stm32f4xx_hal_msp.o
 .debug_abbrev  0x00000f28      0x1fe ./Core/Src/stm32f4xx_it.o
 .debug_abbrev  0x00001126      0x11a ./Core/Src/system_stm32f4xx.o
 .debug_abbrev  0x00001240       0x24 ./Core/Startup/startup_stm32f411ceux.o
 .debug_abbrev  0x00001264      0x24b ./Drivers/STM32F4xx_HAL_Driver/Src/stm32f4xx_hal.o
 .debug_abbrev  0x000014af      0x31d ./Drivers/STM32F4xx_HAL_Driver/Src/stm32f4xx_hal_cortex.o
 .debug_abbrev  0x000017cc      0x1d3 ./Drivers/STM32F4xx_HAL_Driver/Src/stm32f4xx_hal_gpio.o
 .debug_abbrev  0x0000199f      0x2b6 ./Drivers/STM32F4xx_HAL_Driver/Src/stm32f4xx_hal_pcd.o
 .debug_abbrev  0x00001c55      0x1da ./Drivers/STM32F4xx_HAL_Driver/Src/stm32f4xx_hal_pcd_ex.o
 .debug_abbrev  0x00001e2f      0x2b6 ./Drivers/STM32F4xx_HAL_Driver/Src/stm32f4xx_hal_rcc.o
 .debug_abbrev  0x000020e5      0x1b2 ./Drivers/STM32F4xx_HAL_Driver/Src/stm32f4xx_hal_rcc_ex.o
 .debug_abbrev  0x00002297      0x1ea ./Drivers/STM32F4xx_HAL_Driver/Src/stm32f4xx_hal_rtc.o
 .debug_abbrev  0x00002481      0x276 ./Drivers/STM32F4xx_HAL_Driver/Src/stm32f4xx_hal_spi.o
 .debug_abbrev  0x000026f7      0x28b ./Drivers/STM32F4xx_HAL_Driver/Src/stm32f4xx_hal_tim.o
 .debug_abbrev  0x00002982      0x296 ./Drivers/STM32F4xx_HAL_Driver/Src/stm32f4xx_hal_tim_ex.o
 .debug_abbrev  0x00002c18      0x2b3 ./Drivers/STM32F4xx_HAL_Driver/Src/stm32f4xx_ll_usb.o
 .debug_abbrev  0x00002ecb      0x2d2 ./Middlewares/ST/STM32_USB_Device_Library/Class/CDC/Src/usbd_cdc.o
 .debug_abbrev  0x0000319d      0x27c ./Middlewares/ST/STM32_USB_Device_Library/Core/Src/usbd_core.o
 .debug_abbrev  0x00003419      0x26f ./Middlewares/ST/STM32_USB_Device_Library/Core/Src/usbd_ctlreq.o
 .debug_abbrev  0x00003688      0x19a ./Middlewares/ST/STM32_USB_Device_Library/Core/Src/usbd_ioreq.o
 .debug_abbrev  0x00003822      0x195 ./USB_DEVICE/App/usb_device.o
 .debug_abbrev  0x000039b7      0x29b ./USB_DEVICE/App/usbd_cdc_if.o
 .debug_abbrev  0x00003c52      0x1e1 ./USB_DEVICE/App/usbd_desc.o
 .debug_abbrev  0x00003e33      0x33f ./USB_DEVICE/Target/usbd_conf.o

.debug_aranges  0x00000000     0x1528
 .debug_aranges
                0x00000000       0x40 ./Core/Src/Callbacks.o
 .debug_aranges
                0x00000040       0xf8 ./Core/Src/cppmain.o
 .debug_aranges
                0x00000138       0x50 ./Core/Src/main.o
 .debug_aranges
                0x00000188       0x50 ./Core/Src/stm32f4xx_hal_msp.o
 .debug_aranges
                0x000001d8       0x80 ./Core/Src/stm32f4xx_it.o
 .debug_aranges
                0x00000258       0x28 ./Core/Src/system_stm32f4xx.o
 .debug_aranges
                0x00000280       0x28 ./Core/Startup/startup_stm32f411ceux.o
 .debug_aranges
                0x000002a8       0xf0 ./Drivers/STM32F4xx_HAL_Driver/Src/stm32f4xx_hal.o
 .debug_aranges
                0x00000398      0x130 ./Drivers/STM32F4xx_HAL_Driver/Src/stm32f4xx_hal_cortex.o
 .debug_aranges
                0x000004c8       0x58 ./Drivers/STM32F4xx_HAL_Driver/Src/stm32f4xx_hal_gpio.o
 .debug_aranges
                0x00000520      0x148 ./Drivers/STM32F4xx_HAL_Driver/Src/stm32f4xx_hal_pcd.o
 .debug_aranges
                0x00000668       0x38 ./Drivers/STM32F4xx_HAL_Driver/Src/stm32f4xx_hal_pcd_ex.o
 .debug_aranges
                0x000006a0       0x88 ./Drivers/STM32F4xx_HAL_Driver/Src/stm32f4xx_hal_rcc.o
 .debug_aranges
                0x00000728       0x50 ./Drivers/STM32F4xx_HAL_Driver/Src/stm32f4xx_hal_rcc_ex.o
 .debug_aranges
                0x00000778       0xe8 ./Drivers/STM32F4xx_HAL_Driver/Src/stm32f4xx_hal_rtc.o
 .debug_aranges
                0x00000860      0x1d0 ./Drivers/STM32F4xx_HAL_Driver/Src/stm32f4xx_hal_spi.o
 .debug_aranges
                0x00000a30      0x3d0 ./Drivers/STM32F4xx_HAL_Driver/Src/stm32f4xx_hal_tim.o
 .debug_aranges
                0x00000e00      0x168 ./Drivers/STM32F4xx_HAL_Driver/Src/stm32f4xx_hal_tim_ex.o
 .debug_aranges
                0x00000f68      0x1a0 ./Drivers/STM32F4xx_HAL_Driver/Src/stm32f4xx_ll_usb.o
 .debug_aranges
                0x00001108       0x90 ./Middlewares/ST/STM32_USB_Device_Library/Class/CDC/Src/usbd_cdc.o
 .debug_aranges
                0x00001198       0xd8 ./Middlewares/ST/STM32_USB_Device_Library/Core/Src/usbd_core.o
 .debug_aranges
                0x00001270       0x90 ./Middlewares/ST/STM32_USB_Device_Library/Core/Src/usbd_ctlreq.o
 .debug_aranges
                0x00001300       0x50 ./Middlewares/ST/STM32_USB_Device_Library/Core/Src/usbd_ioreq.o
 .debug_aranges
                0x00001350       0x20 ./USB_DEVICE/App/usb_device.o
 .debug_aranges
                0x00001370       0x48 ./USB_DEVICE/App/usbd_cdc_if.o
 .debug_aranges
                0x000013b8       0x60 ./USB_DEVICE/App/usbd_desc.o
 .debug_aranges
                0x00001418      0x110 ./USB_DEVICE/Target/usbd_conf.o

.debug_rnglists
                0x00000000     0x101f
 .debug_rnglists
                0x00000000       0x2b ./Core/Src/Callbacks.o
 .debug_rnglists
                0x0000002b       0xb8 ./Core/Src/cppmain.o
 .debug_rnglists
                0x000000e3       0x3a ./Core/Src/main.o
 .debug_rnglists
                0x0000011d       0x38 ./Core/Src/stm32f4xx_hal_msp.o
 .debug_rnglists
                0x00000155       0x5b ./Core/Src/stm32f4xx_it.o
 .debug_rnglists
                0x000001b0       0x1a ./Core/Src/system_stm32f4xx.o
 .debug_rnglists
                0x000001ca       0x19 ./Core/Startup/startup_stm32f411ceux.o
 .debug_rnglists
                0x000001e3       0xaf ./Drivers/STM32F4xx_HAL_Driver/Src/stm32f4xx_hal.o
 .debug_rnglists
                0x00000292       0xe0 ./Drivers/STM32F4xx_HAL_Driver/Src/stm32f4xx_hal_cortex.o
 .debug_rnglists
                0x00000372       0x3f ./Drivers/STM32F4xx_HAL_Driver/Src/stm32f4xx_hal_gpio.o
 .debug_rnglists
                0x000003b1       0xfa ./Drivers/STM32F4xx_HAL_Driver/Src/stm32f4xx_hal_pcd.o
 .debug_rnglists
                0x000004ab       0x26 ./Drivers/STM32F4xx_HAL_Driver/Src/stm32f4xx_hal_pcd_ex.o
 .debug_rnglists
                0x000004d1       0x66 ./Drivers/STM32F4xx_HAL_Driver/Src/stm32f4xx_hal_rcc.o
 .debug_rnglists
                0x00000537       0x3c ./Drivers/STM32F4xx_HAL_Driver/Src/stm32f4xx_hal_rcc_ex.o
 .debug_rnglists
                0x00000573       0xb4 ./Drivers/STM32F4xx_HAL_Driver/Src/stm32f4xx_hal_rtc.o
 .debug_rnglists
                0x00000627      0x16f ./Drivers/STM32F4xx_HAL_Driver/Src/stm32f4xx_hal_spi.o
 .debug_rnglists
                0x00000796      0x31a ./Drivers/STM32F4xx_HAL_Driver/Src/stm32f4xx_hal_tim.o
 .debug_rnglists
                0x00000ab0      0x125 ./Drivers/STM32F4xx_HAL_Driver/Src/stm32f4xx_hal_tim_ex.o
 .debug_rnglists
                0x00000bd5      0x147 ./Drivers/STM32F4xx_HAL_Driver/Src/stm32f4xx_ll_usb.o
 .debug_rnglists
                0x00000d1c       0x6c ./Middlewares/ST/STM32_USB_Device_Library/Class/CDC/Src/usbd_cdc.o
 .debug_rnglists
                0x00000d88       0xa1 ./Middlewares/ST/STM32_USB_Device_Library/Core/Src/usbd_core.o
 .debug_rnglists
                0x00000e29       0x6e ./Middlewares/ST/STM32_USB_Device_Library/Core/Src/usbd_ctlreq.o
 .debug_rnglists
                0x00000e97       0x37 ./Middlewares/ST/STM32_USB_Device_Library/Core/Src/usbd_ioreq.o
 .debug_rnglists
                0x00000ece       0x13 ./USB_DEVICE/App/usb_device.o
 .debug_rnglists
                0x00000ee1       0x32 ./USB_DEVICE/App/usbd_cdc_if.o
 .debug_rnglists
                0x00000f13       0x43 ./USB_DEVICE/App/usbd_desc.o
 .debug_rnglists
                0x00000f56       0xc9 ./USB_DEVICE/Target/usbd_conf.o

.debug_macro    0x00000000    0x1d47d
 .debug_macro   0x00000000      0x455 ./Core/Src/Callbacks.o
 .debug_macro   0x00000455      0xc82 ./Core/Src/Callbacks.o
 .debug_macro   0x000010d7       0x2e ./Core/Src/Callbacks.o
 .debug_macro   0x00001105       0x28 ./Core/Src/Callbacks.o
 .debug_macro   0x0000112d       0x1c ./Core/Src/Callbacks.o
 .debug_macro   0x00001149       0x22 ./Core/Src/Callbacks.o
 .debug_macro   0x0000116b       0x8e ./Core/Src/Callbacks.o
 .debug_macro   0x000011f9       0x51 ./Core/Src/Callbacks.o
 .debug_macro   0x0000124a      0x103 ./Core/Src/Callbacks.o
 .debug_macro   0x0000134d       0x6a ./Core/Src/Callbacks.o
 .debug_macro   0x000013b7      0x1df ./Core/Src/Callbacks.o
 .debug_macro   0x00001596       0x1c ./Core/Src/Callbacks.o
 .debug_macro   0x000015b2       0x22 ./Core/Src/Callbacks.o
 .debug_macro   0x000015d4       0xfb ./Core/Src/Callbacks.o
 .debug_macro   0x000016cf     0x1011 ./Core/Src/Callbacks.o
 .debug_macro   0x000026e0      0x11f ./Core/Src/Callbacks.o
 .debug_macro   0x000027ff     0xb968 ./Core/Src/Callbacks.o
 .debug_macro   0x0000e167       0x6d ./Core/Src/Callbacks.o
 .debug_macro   0x0000e1d4      0x2a7 ./Core/Src/Callbacks.o
 .debug_macro   0x0000e47b     0x3693 ./Core/Src/Callbacks.o
 .debug_macro   0x00011b0e      0x197 ./Core/Src/Callbacks.o
 .debug_macro   0x00011ca5       0x5c ./Core/Src/Callbacks.o
 .debug_macro   0x00011d01      0x45c ./Core/Src/Callbacks.o
 .debug_macro   0x0001215d      0x9e9 ./Core/Src/Callbacks.o
 .debug_macro   0x00012b46      0x115 ./Core/Src/Callbacks.o
 .debug_macro   0x00012c5b      0x11b ./Core/Src/Callbacks.o
 .debug_macro   0x00012d76       0xa5 ./Core/Src/Callbacks.o
 .debug_macro   0x00012e1b      0x15f ./Core/Src/Callbacks.o
 .debug_macro   0x00012f7a      0x287 ./Core/Src/Callbacks.o
 .debug_macro   0x00013201       0x5f ./Core/Src/Callbacks.o
 .debug_macro   0x00013260      0x236 ./Core/Src/Callbacks.o
 .debug_macro   0x00013496      0x132 ./Core/Src/Callbacks.o
 .debug_macro   0x000135c8      0x264 ./Core/Src/Callbacks.o
 .debug_macro   0x0001382c       0x2e ./Core/Src/Callbacks.o
 .debug_macro   0x0001385a      0x127 ./Core/Src/Callbacks.o
 .debug_macro   0x00013981       0x85 ./Core/Src/Callbacks.o
 .debug_macro   0x00013a06       0x89 ./Core/Src/Callbacks.o
 .debug_macro   0x00013a8f      0x305 ./Core/Src/Callbacks.o
 .debug_macro   0x00013d94      0x429 ./Core/Src/Callbacks.o
 .debug_macro   0x000141bd       0xeb ./Core/Src/Callbacks.o
 .debug_macro   0x000142a8      0x225 ./Core/Src/Callbacks.o
 .debug_macro   0x000144cd      0x8ed ./Core/Src/Callbacks.o
 .debug_macro   0x00014dba       0x47 ./Core/Src/Callbacks.o
 .debug_macro   0x00014e01      0x293 ./Core/Src/Callbacks.o
 .debug_macro   0x00015094       0xba ./Core/Src/Callbacks.o
 .debug_macro   0x0001514e      0x126 ./Core/Src/Callbacks.o
 .debug_macro   0x00015274       0x61 ./Core/Src/Callbacks.o
 .debug_macro   0x000152d5       0x2a ./Core/Src/Callbacks.o
 .debug_macro   0x000152ff       0x43 ./Core/Src/Callbacks.o
 .debug_macro   0x00015342       0x34 ./Core/Src/Callbacks.o
 .debug_macro   0x00015376       0x16 ./Core/Src/Callbacks.o
 .debug_macro   0x0001538c       0x3c ./Core/Src/Callbacks.o
 .debug_macro   0x000153c8      0x38c ./Core/Src/Callbacks.o
 .debug_macro   0x00015754       0x10 ./Core/Src/Callbacks.o
 .debug_macro   0x00015764       0x16 ./Core/Src/Callbacks.o
 .debug_macro   0x0001577a       0x4a ./Core/Src/Callbacks.o
 .debug_macro   0x000157c4       0x34 ./Core/Src/Callbacks.o
 .debug_macro   0x000157f8       0x10 ./Core/Src/Callbacks.o
 .debug_macro   0x00015808       0x58 ./Core/Src/Callbacks.o
 .debug_macro   0x00015860       0x8e ./Core/Src/Callbacks.o
 .debug_macro   0x000158ee       0x16 ./Core/Src/Callbacks.o
 .debug_macro   0x00015904      0x185 ./Core/Src/Callbacks.o
 .debug_macro   0x00015a89       0x16 ./Core/Src/Callbacks.o
 .debug_macro   0x00015a9f       0x16 ./Core/Src/Callbacks.o
 .debug_macro   0x00015ab5      0x138 ./Core/Src/Callbacks.o
 .debug_macro   0x00015bed      0x1f2 ./Core/Src/Callbacks.o
 .debug_macro   0x00015ddf       0x10 ./Core/Src/Callbacks.o
 .debug_macro   0x00015def       0xd6 ./Core/Src/Callbacks.o
 .debug_macro   0x00015ec5      0x103 ./Core/Src/Callbacks.o
 .debug_macro   0x00015fc8      0x368 ./Core/Src/Callbacks.o
 .debug_macro   0x00016330       0x10 ./Core/Src/Callbacks.o
 .debug_macro   0x00016340       0x16 ./Core/Src/Callbacks.o
 .debug_macro   0x00016356       0x16 ./Core/Src/Callbacks.o
 .debug_macro   0x0001636c       0x29 ./Core/Src/Callbacks.o
 .debug_macro   0x00016395       0x1c ./Core/Src/Callbacks.o
 .debug_macro   0x000163b1       0xde ./Core/Src/Callbacks.o
 .debug_macro   0x0001648f       0x16 ./Core/Src/Callbacks.o
 .debug_macro   0x000164a5       0x20 ./Core/Src/Callbacks.o
 .debug_macro   0x000164c5       0x6a ./Core/Src/Callbacks.o
 .debug_macro   0x0001652f       0x65 ./Core/Src/Callbacks.o
 .debug_macro   0x00016594      0x20f ./Core/Src/Callbacks.o
 .debug_macro   0x000167a3       0x95 ./Core/Src/Callbacks.o
 .debug_macro   0x00016838       0x10 ./Core/Src/Callbacks.o
 .debug_macro   0x00016848       0x28 ./Core/Src/Callbacks.o
 .debug_macro   0x00016870      0x447 ./Core/Src/cppmain.o
 .debug_macro   0x00016cb7      0x382 ./Core/Src/main.o
 .debug_macro   0x00017039      0xad8 ./Core/Src/main.o
 .debug_macro   0x00017b11       0x8e ./Core/Src/main.o
 .debug_macro   0x00017b9f     0x1011 ./Core/Src/main.o
 .debug_macro   0x00018bb0      0x190 ./Core/Src/main.o
 .debug_macro   0x00018d40       0x64 ./Core/Src/main.o
 .debug_macro   0x00018da4       0x34 ./Core/Src/main.o
 .debug_macro   0x00018dd8       0x3c ./Core/Src/main.o
 .debug_macro   0x00018e14      0x370 ./Core/Src/main.o
 .debug_macro   0x00019184       0x4a ./Core/Src/main.o
 .debug_macro   0x000191ce       0x1c ./Core/Src/main.o
 .debug_macro   0x000191ea      0x146 ./Core/Src/main.o
 .debug_macro   0x00019330      0x21a ./Core/Src/stm32f4xx_hal_msp.o
 .debug_macro   0x0001954a      0x224 ./Core/Src/stm32f4xx_it.o
 .debug_macro   0x0001976e      0x20b ./Core/Src/system_stm32f4xx.o
 .debug_macro   0x00019979      0x26b ./Drivers/STM32F4xx_HAL_Driver/Src/stm32f4xx_hal.o
 .debug_macro   0x00019be4      0x20b ./Drivers/STM32F4xx_HAL_Driver/Src/stm32f4xx_hal_cortex.o
 .debug_macro   0x00019def      0x211 ./Drivers/STM32F4xx_HAL_Driver/Src/stm32f4xx_hal_gpio.o
 .debug_macro   0x0001a000      0x217 ./Drivers/STM32F4xx_HAL_Driver/Src/stm32f4xx_hal_pcd.o
 .debug_macro   0x0001a217      0x20b ./Drivers/STM32F4xx_HAL_Driver/Src/stm32f4xx_hal_pcd_ex.o
 .debug_macro   0x0001a422      0x22f ./Drivers/STM32F4xx_HAL_Driver/Src/stm32f4xx_hal_rcc.o
 .debug_macro   0x0001a651      0x20b ./Drivers/STM32F4xx_HAL_Driver/Src/stm32f4xx_hal_rcc_ex.o
 .debug_macro   0x0001a85c      0x20c ./Drivers/STM32F4xx_HAL_Driver/Src/stm32f4xx_hal_rtc.o
 .debug_macro   0x0001aa68      0x21a ./Drivers/STM32F4xx_HAL_Driver/Src/stm32f4xx_hal_spi.o
 .debug_macro   0x0001ac82      0x20c ./Drivers/STM32F4xx_HAL_Driver/Src/stm32f4xx_hal_tim.o
 .debug_macro   0x0001ae8e      0x20b ./Drivers/STM32F4xx_HAL_Driver/Src/stm32f4xx_hal_tim_ex.o
 .debug_macro   0x0001b099      0x20b ./Drivers/STM32F4xx_HAL_Driver/Src/stm32f4xx_ll_usb.o
 .debug_macro   0x0001b2a4      0x3a9 ./Middlewares/ST/STM32_USB_Device_Library/Class/CDC/Src/usbd_cdc.o
 .debug_macro   0x0001b64d       0x9e ./Middlewares/ST/STM32_USB_Device_Library/Class/CDC/Src/usbd_cdc.o
 .debug_macro   0x0001b6eb      0x112 ./Middlewares/ST/STM32_USB_Device_Library/Class/CDC/Src/usbd_cdc.o
 .debug_macro   0x0001b7fd       0x56 ./Middlewares/ST/STM32_USB_Device_Library/Class/CDC/Src/usbd_cdc.o
 .debug_macro   0x0001b853      0x390 ./Middlewares/ST/STM32_USB_Device_Library/Core/Src/usbd_core.o
 .debug_macro   0x0001bbe3      0x215 ./Middlewares/ST/STM32_USB_Device_Library/Core/Src/usbd_core.o
 .debug_macro   0x0001bdf8      0x39a ./Middlewares/ST/STM32_USB_Device_Library/Core/Src/usbd_ctlreq.o
 .debug_macro   0x0001c192      0x396 ./Middlewares/ST/STM32_USB_Device_Library/Core/Src/usbd_ioreq.o
 .debug_macro   0x0001c528      0x3c9 ./USB_DEVICE/App/usb_device.o
 .debug_macro   0x0001c8f1       0x22 ./USB_DEVICE/App/usb_device.o
 .debug_macro   0x0001c913       0x16 ./USB_DEVICE/App/usb_device.o
 .debug_macro   0x0001c929      0x3b8 ./USB_DEVICE/App/usbd_cdc_if.o
 .debug_macro   0x0001cce1      0x3d3 ./USB_DEVICE/App/usbd_desc.o
 .debug_macro   0x0001d0b4       0x1c ./USB_DEVICE/App/usbd_desc.o
 .debug_macro   0x0001d0d0      0x3ad ./USB_DEVICE/Target/usbd_conf.o

.debug_line     0x00000000    0x19765
 .debug_line    0x00000000      0xe00 ./Core/Src/Callbacks.o
 .debug_line    0x00000e00     0x1341 ./Core/Src/cppmain.o
 .debug_line    0x00002141      0xace ./Core/Src/main.o
 .debug_line    0x00002c0f      0x7da ./Core/Src/stm32f4xx_hal_msp.o
 .debug_line    0x000033e9      0x811 ./Core/Src/stm32f4xx_it.o