../Core/Src/cppmain.cpp:16:5:int cppmain()	8	static
../Core/Inc/RingBuffer.hpp:12:7:constexpr RingBuffer<512>::RingBuffer()	16	static
../Core/Inc/CC1101Manager.hpp:46:5:CC1101Manager<RADIO>::CC1101Manager(RADIO&) [with RADIO = CC1101<GpioPin<1073872896, 16> >]	16	static
../Core/Inc/CC1101.hpp:436:9:uint8_t CC1101<GPIO>::ReadStatus(StatusRegister) [with GPIO = GpioPin<1073872896, 16>]	16	static
../Core/Inc/CC1101.hpp:519:6:void CC1101<GPIO>::Init() [with GPIO = GpioPin<1073872896, 16>]	24	static
../Core/Inc/CC1101.hpp:553:6:void CC1101<GPIO>::SetPower(TXPower) [with GPIO = GpioPin<1073872896, 16>]	16	static
../Core/Inc/CC1101Manager.hpp:61:10:void CC1101Manager<RADIO>::process() [with RADIO = CC1101<GpioPin<1073872896, 16> >]	24	static
../Core/Inc/CC1101.hpp:408:9:uint8_t CC1101<GPIO>::ReadRegister(uint8_t) [with GPIO = GpioPin<1073872896, 16>]	32	static
../Core/Inc/CC1101.hpp:493:6:void CC1101<GPIO>::Reset() [with GPIO = GpioPin<1073872896, 16>]	24	static
../Core/Inc/CC1101.hpp:541:6:void CC1101<GPIO>::Configure(const RegisterValueTuple*, size_t) [with GPIO = GpioPin<1073872896, 16>]	32	static
../Core/Inc/CC1101.hpp:446:9:uint8_t CC1101<GPIO>::Strobe(StrobeCommand) [with GPIO = GpioPin<1073872896, 16>]	32	static
../Core/Inc/CC1101.hpp:424:6:void CC1101<GPIO>::WriteConfiguration(ConfigurationRegister, uint8_t) [with GPIO = GpioPin<1073872896, 16>]	16	static
../Core/Inc/CC1101Manager.hpp:37:10:void CC1101Manager<RADIO>::force_rx() [with RADIO = CC1101<GpioPin<1073872896, 16> >]	16	static
../Core/Inc/RingBuffer.hpp:30:12:size_t RingBuffer<Size>::count() const [with unsigned int Size = 512]	16	static
../Core/Inc/CC1101Manager.hpp:120:10:void CC1101Manager<RADIO>::handle_rf_read() [with RADIO = CC1101<GpioPin<1073872896, 16> >]	32	static
../Core/Inc/CC1101Manager.hpp:153:10:void CC1101Manager<RADIO>::handle_rf_tx() [with RADIO = CC1101<GpioPin<1073872896, 16> >]	88	static
../Core/Inc/CC1101.hpp:377:6:void CC1101<GPIO>::Select() [with GPIO = GpioPin<1073872896, 16>]	24	static
../Core/Inc/CC1101.hpp:388:6:void CC1101<GPIO>::Deselect() [with GPIO = GpioPin<1073872896, 16>]	16	static
../Core/Inc/CC1101.hpp:398:6:void CC1101<GPIO>::WriteRegister(uint8_t, uint8_t) [with GPIO = GpioPin<1073872896, 16>]	24	static
../Core/Inc/CC1101.hpp:478:6:void CC1101<GPIO>::ReadBurst(BurstRegister, uint8_t*, uint8_t) [with GPIO = GpioPin<1073872896, 16>]	32	static
../Core/Inc/RingBuffer.hpp:24:10:bool RingBuffer<Size>::pop(uint8_t&) [with unsigned int Size = 512]	16	static
../Core/Inc/CC1101.hpp:462:6:void CC1101<GPIO>::WriteBurst(BurstRegister, const uint8_t*, uint8_t) [with GPIO = GpioPin<1073872896, 16>]	96	static
../Core/Inc/GpioPin.hpp:36:17:static void GpioPin<PortBase, Pin>::low() [with unsigned int PortBase = 1073872896; short unsigned int Pin = 16]	8	static
../Core/Inc/GpioPin.hpp:41:17:static bool GpioPin<PortBase, Pin>::read() [with unsigned int PortBase = 1073872896; short unsigned int Pin = 16]	8	static
../Core/Inc/GpioPin.hpp:31:17:static void GpioPin<PortBase, Pin>::high() [with unsigned int PortBase = 1073872896; short unsigned int Pin = 16]	8	static
../Core/Inc/GpioPin.hpp:23:26:static GPIO_TypeDef* GpioPin<PortBase, Pin>::port() [with unsigned int PortBase = 1073872896; short unsigned int Pin = 16]	4	static
../Core/Src/cppmain.cpp:29:1:void __static_initialization_and_destruction_0()	8	static
../Core/Src/cppmain.cpp:29:1:cpp)	8	static
